D:\Doan2\panthora_be\src\Application\Features\BookingManagement\TourGuide\TourGuideCommands.cs(402,32): error CA2016: Forward the 'cancellationToken' parameter to the 'GetByBookingIdAndUserIdAsync' method or pass in 'CancellationToken.None' explicitly to indicate intentionally not propagating the token (https://learn.microsoft.com/dotnet/fundamentals/code-analysis/quality-rules/ca2016) [D:\Doan2\panthora_be\src\Application\Application.csproj]
D:\Doan2\panthora_be\src\Application\Features\BookingManagement\TourGuide\TourGuideCommands.cs(373,32): error CA2016: Forward the 'cancellationToken' parameter to the 'GetByBookingIdAndUserIdAsync' method or pass in 'CancellationToken.None' explicitly to indicate intentionally not propagating the token (https://learn.microsoft.com/dotnet/fundamentals/code-analysis/quality-rules/ca2016) [D:\Doan2\panthora_be\src\Application\Application.csproj]
D:\Doan2\panthora_be\src\Application\Features\BookingManagement\TourGuide\TourGuideCommands.cs(337,32): error CA2016: Forward the 'cancellationToken' parameter to the 'GetByBookingIdAndUserIdAsync' method or pass in 'CancellationToken.None' explicitly to indicate intentionally not propagating the token (https://learn.microsoft.com/dotnet/fundamentals/code-analysis/quality-rules/ca2016) [D:\Doan2\panthora_be\src\Application\Application.csproj]
D:\Doan2\panthora_be\src\Application\Features\VisaApplication\Queries\VisaApplicationQueries.cs(46,28): error CA2016: Forward the 'cancellationToken' parameter to the 'GetByIdAsync' method or pass in 'CancellationToken.None' explicitly to indicate intentionally not propagating the token (https://learn.microsoft.com/dotnet/fundamentals/code-analysis/quality-rules/ca2016) [D:\Doan2\panthora_be\src\Application\Application.csproj]
D:\Doan2\panthora_be\src\Application\Features\Admin\Queries\GetUserDetail\GetUserDetailQueryHandler.cs(20,32): error CA2016: Forward the 'cancellationToken' parameter to the 'FindById' method or pass in 'CancellationToken.None' explicitly to indicate intentionally not propagating the token (https://learn.microsoft.com/dotnet/fundamentals/code-analysis/quality-rules/ca2016) [D:\Doan2\panthora_be\src\Application\Application.csproj]
D:\Doan2\panthora_be\src\Application\Features\Admin\Queries\GetUserDetail\GetUserDetailQueryHandler.cs(24,33): error CA2016: Forward the 'cancellationToken' parameter to the 'FindByUserId' method or pass in 'CancellationToken.None' explicitly to indicate intentionally not propagating the token (https://learn.microsoft.com/dotnet/fundamentals/code-analysis/quality-rules/ca2016) [D:\Doan2\panthora_be\src\Application\Application.csproj]
D:\Doan2\panthora_be\src\Application\Features\BookingManagement\TourGuide\TourGuideCommands.cs(282,29): error CA2016: Forward the 'cancellationToken' parameter to the 'GetByIdAsync' method or pass in 'CancellationToken.None' explicitly to indicate intentionally not propagating the token (https://learn.microsoft.com/dotnet/fundamentals/code-analysis/quality-rules/ca2016) [D:\Doan2\panthora_be\src\Application\Application.csproj]
D:\Doan2\panthora_be\src\Application\Features\BookingManagement\TourGuide\TourGuideCommands.cs(293,33): error CA2016: Forward the 'cancellationToken' parameter to the 'GetByBookingIdAsync' method or pass in 'CancellationToken.None' explicitly to indicate intentionally not propagating the token (https://learn.microsoft.com/dotnet/fundamentals/code-analysis/quality-rules/ca2016) [D:\Doan2\panthora_be\src\Application\Application.csproj]
D:\Doan2\panthora_be\src\Application\Features\BookingManagement\ActivityStatus\ActivityStatusCommands.cs(495,28): error CA2016: Forward the 'cancellationToken' parameter to the 'GetByBookingIdAndTourDayIdAsync' method or pass in 'CancellationToken.None' explicitly to indicate intentionally not propagating the token (https://learn.microsoft.com/dotnet/fundamentals/code-analysis/quality-rules/ca2016) [D:\Doan2\panthora_be\src\Application\Application.csproj]
D:\Doan2\panthora_be\src\Application\Features\BookingManagement\ActivityStatus\ActivityStatusCommands.cs(519,15): error CA2016: Forward the 'cancellationToken' parameter to the 'AddAsync' method or pass in 'CancellationToken.None' explicitly to indicate intentionally not propagating the token (https://learn.microsoft.com/dotnet/fundamentals/code-analysis/quality-rules/ca2016) [D:\Doan2\panthora_be\src\Application\Application.csproj]
D:\Doan2\panthora_be\src\Application\Features\VisaApplication\Commands\VisaApplicationCommands.cs(77,28): error CA2016: Forward the 'cancellationToken' parameter to the 'GetByIdAsync' method or pass in 'CancellationToken.None' explicitly to indicate intentionally not propagating the token (https://learn.microsoft.com/dotnet/fundamentals/code-analysis/quality-rules/ca2016) [D:\Doan2\panthora_be\src\Application\Application.csproj]
D:\Doan2\panthora_be\src\Application\Features\VisaApplication\Commands\VisaApplicationCommands.cs(91,15): error CA2016: Forward the 'cancellationToken' parameter to the 'SaveChangeAsync' method or pass in 'CancellationToken.None' explicitly to indicate intentionally not propagating the token (https://learn.microsoft.com/dotnet/fundamentals/code-analysis/quality-rules/ca2016) [D:\Doan2\panthora_be\src\Application\Application.csproj]
D:\Doan2\panthora_be\src\Application\Features\BookingManagement\ActivityStatus\ActivityStatusCommands.cs(404,29): error CA2016: Forward the 'cancellationToken' parameter to the 'GetByIdAsync' method or pass in 'CancellationToken.None' explicitly to indicate intentionally not propagating the token (https://learn.microsoft.com/dotnet/fundamentals/code-analysis/quality-rules/ca2016) [D:\Doan2\panthora_be\src\Application\Application.csproj]
D:\Doan2\panthora_be\src\Application\Features\BookingManagement\ActivityStatus\ActivityStatusCommands.cs(429,28): error CA2016: Forward the 'cancellationToken' parameter to the 'GetByBookingIdAndTourDayIdAsync' method or pass in 'CancellationToken.None' explicitly to indicate intentionally not propagating the token (https://learn.microsoft.com/dotnet/fundamentals/code-analysis/quality-rules/ca2016) [D:\Doan2\panthora_be\src\Application\Application.csproj]
D:\Doan2\panthora_be\src\Application\Features\BookingManagement\ActivityStatus\ActivityStatusCommands.cs(437,28): error CA2016: Forward the 'cancellationToken' parameter to the 'GetByActivityStatusIdAsync' method or pass in 'CancellationToken.None' explicitly to indicate intentionally not propagating the token (https://learn.microsoft.com/dotnet/fundamentals/code-analysis/quality-rules/ca2016) [D:\Doan2\panthora_be\src\Application\Application.csproj]
D:\Doan2\panthora_be\src\Application\Features\BookingManagement\ActivityStatus\ActivityStatusCommands.cs(39,29): error CA2016: Forward the 'cancellationToken' parameter to the 'GetByIdAsync' method or pass in 'CancellationToken.None' explicitly to indicate intentionally not propagating the token (https://learn.microsoft.com/dotnet/fundamentals/code-analysis/quality-rules/ca2016) [D:\Doan2\panthora_be\src\Application\Application.csproj]
D:\Doan2\panthora_be\src\Application\Features\BookingManagement\ActivityStatus\ActivityStatusCommands.cs(47,30): error CA2016: Forward the 'cancellationToken' parameter to the 'GetListAsync' method or pass in 'CancellationToken.None' explicitly to indicate intentionally not propagating the token (https://learn.microsoft.com/dotnet/fundamentals/code-analysis/quality-rules/ca2016) [D:\Doan2\panthora_be\src\Application\Application.csproj]
D:\Doan2\panthora_be\src\Application\Features\BookingManagement\ActivityStatus\ActivityStatusCommands.cs(56,38): error CA2016: Forward the 'cancellationToken' parameter to the 'GetByBookingIdAsync' method or pass in 'CancellationToken.None' explicitly to indicate intentionally not propagating the token (https://learn.microsoft.com/dotnet/fundamentals/code-analysis/quality-rules/ca2016) [D:\Doan2\panthora_be\src\Application\Application.csproj]
D:\Doan2\panthora_be\src\Application\Features\BookingManagement\ActivityStatus\ActivityStatusCommands.cs(68,19): error CA2016: Forward the 'cancellationToken' parameter to the 'AddAsync' method or pass in 'CancellationToken.None' explicitly to indicate intentionally not propagating the token (https://learn.microsoft.com/dotnet/fundamentals/code-analysis/quality-rules/ca2016) [D:\Doan2\panthora_be\src\Application\Application.csproj]
D:\Doan2\panthora_be\src\Application\Features\VisaApplication\Commands\VisaApplicationCommands.cs(47,15): error CA2016: Forward the 'cancellationToken' parameter to the 'AddAsync' method or pass in 'CancellationToken.None' explicitly to indicate intentionally not propagating the token (https://learn.microsoft.com/dotnet/fundamentals/code-analysis/quality-rules/ca2016) [D:\Doan2\panthora_be\src\Application\Application.csproj]
D:\Doan2\panthora_be\src\Application\Features\VisaApplication\Commands\VisaApplicationCommands.cs(48,15): error CA2016: Forward the 'cancellationToken' parameter to the 'SaveChangeAsync' method or pass in 'CancellationToken.None' explicitly to indicate intentionally not propagating the token (https://learn.microsoft.com/dotnet/fundamentals/code-analysis/quality-rules/ca2016) [D:\Doan2\panthora_be\src\Application\Application.csproj]
D:\Doan2\panthora_be\src\Application\Features\BookingManagement\ActivityStatus\ActivityStatusCommands.cs(331,29): error CA2016: Forward the 'cancellationToken' parameter to the 'GetByIdAsync' method or pass in 'CancellationToken.None' explicitly to indicate intentionally not propagating the token (https://learn.microsoft.com/dotnet/fundamentals/code-analysis/quality-rules/ca2016) [D:\Doan2\panthora_be\src\Application\Application.csproj]
D:\Doan2\panthora_be\src\Application\Features\BookingManagement\ActivityStatus\ActivityStatusCommands.cs(355,30): error CA2016: Forward the 'cancellationToken' parameter to the 'GetByBookingIdAsync' method or pass in 'CancellationToken.None' explicitly to indicate intentionally not propagating the token (https://learn.microsoft.com/dotnet/fundamentals/code-analysis/quality-rules/ca2016) [D:\Doan2\panthora_be\src\Application\Application.csproj]
D:\Doan2\panthora_be\src\Application\Features\BookingManagement\ActivityStatus\ActivityStatusCommands.cs(360,32): error CA2016: Forward the 'cancellationToken' parameter to the 'GetByActivityStatusIdAsync' method or pass in 'CancellationToken.None' explicitly to indicate intentionally not propagating the token (https://learn.microsoft.com/dotnet/fundamentals/code-analysis/quality-rules/ca2016) [D:\Doan2\panthora_be\src\Application\Application.csproj]
D:\Doan2\panthora_be\src\Application\Features\BookingManagement\TourGuide\TourGuideCommands.cs(241,29): error CA2016: Forward the 'cancellationToken' parameter to the 'GetByIdAsync' method or pass in 'CancellationToken.None' explicitly to indicate intentionally not propagating the token (https://learn.microsoft.com/dotnet/fundamentals/code-analysis/quality-rules/ca2016) [D:\Doan2\panthora_be\src\Application\Application.csproj]
D:\Doan2\panthora_be\src\Application\Features\BookingManagement\TourGuide\TourGuideCommands.cs(252,33): error CA2016: Forward the 'cancellationToken' parameter to the 'GetByBookingIdAsync' method or pass in 'CancellationToken.None' explicitly to indicate intentionally not propagating the token (https://learn.microsoft.com/dotnet/fundamentals/code-analysis/quality-rules/ca2016) [D:\Doan2\panthora_be\src\Application\Application.csproj]
D:\Doan2\panthora_be\src\Application\Features\BookingManagement\ActivityStatus\ActivityStatusCommands.cs(108,29): error CA2016: Forward the 'cancellationToken' parameter to the 'GetByIdAsync' method or pass in 'CancellationToken.None' explicitly to indicate intentionally not propagating the token (https://learn.microsoft.com/dotnet/fundamentals/code-analysis/quality-rules/ca2016) [D:\Doan2\panthora_be\src\Application\Application.csproj]
D:\Doan2\panthora_be\src\Application\Features\BookingManagement\ActivityStatus\ActivityStatusCommands.cs(132,28): error CA2016: Forward the 'cancellationToken' parameter to the 'GetByBookingIdAndTourDayIdAsync' method or pass in 'CancellationToken.None' explicitly to indicate intentionally not propagating the token (https://learn.microsoft.com/dotnet/fundamentals/code-analysis/quality-rules/ca2016) [D:\Doan2\panthora_be\src\Application\Application.csproj]
D:\Doan2\panthora_be\src\Application\Features\BookingManagement\Activity\BookingTransportDetailCommands.cs(258,29): error CA2016: Forward the 'cancellationToken' parameter to the 'GetByIdAsync' method or pass in 'CancellationToken.None' explicitly to indicate intentionally not propagating the token (https://learn.microsoft.com/dotnet/fundamentals/code-analysis/quality-rules/ca2016) [D:\Doan2\panthora_be\src\Application\Application.csproj]
D:\Doan2\panthora_be\src\Application\Features\BookingManagement\Activity\BookingTransportDetailCommands.cs(269,32): error CA2016: Forward the 'cancellationToken' parameter to the 'GetByBookingIdAsync' method or pass in 'CancellationToken.None' explicitly to indicate intentionally not propagating the token (https://learn.microsoft.com/dotnet/fundamentals/code-analysis/quality-rules/ca2016) [D:\Doan2\panthora_be\src\Application\Application.csproj]
D:\Doan2\panthora_be\src\Application\Features\BookingManagement\Activity\BookingTransportDetailCommands.cs(274,33): error CA2016: Forward the 'cancellationToken' parameter to the 'GetByBookingActivityReservationIdAsync' method or pass in 'CancellationToken.None' explicitly to indicate intentionally not propagating the token (https://learn.microsoft.com/dotnet/fundamentals/code-analysis/quality-rules/ca2016) [D:\Doan2\panthora_be\src\Application\Application.csproj]
D:\Doan2\panthora_be\src\Application\Features\BookingManagement\ActivityStatus\ActivityStatusCommands.cs(261,29): error CA2016: Forward the 'cancellationToken' parameter to the 'GetByIdAsync' method or pass in 'CancellationToken.None' explicitly to indicate intentionally not propagating the token (https://learn.microsoft.com/dotnet/fundamentals/code-analysis/quality-rules/ca2016) [D:\Doan2\panthora_be\src\Application\Application.csproj]
D:\Doan2\panthora_be\src\Application\Features\BookingManagement\ActivityStatus\ActivityStatusCommands.cs(290,28): error CA2016: Forward the 'cancellationToken' parameter to the 'GetByBookingIdAndTourDayIdAsync' method or pass in 'CancellationToken.None' explicitly to indicate intentionally not propagating the token (https://learn.microsoft.com/dotnet/fundamentals/code-analysis/quality-rules/ca2016) [D:\Doan2\panthora_be\src\Application\Application.csproj]
D:\Doan2\panthora_be\src\Application\Features\BookingManagement\ActivityStatus\ActivityStatusCommands.cs(184,29): error CA2016: Forward the 'cancellationToken' parameter to the 'GetByIdAsync' method or pass in 'CancellationToken.None' explicitly to indicate intentionally not propagating the token (https://learn.microsoft.com/dotnet/fundamentals/code-analysis/quality-rules/ca2016) [D:\Doan2\panthora_be\src\Application\Application.csproj]
D:\Doan2\panthora_be\src\Application\Features\BookingManagement\ActivityStatus\ActivityStatusCommands.cs(209,28): error CA2016: Forward the 'cancellationToken' parameter to the 'GetByBookingIdAndTourDayIdAsync' method or pass in 'CancellationToken.None' explicitly to indicate intentionally not propagating the token (https://learn.microsoft.com/dotnet/fundamentals/code-analysis/quality-rules/ca2016) [D:\Doan2\panthora_be\src\Application\Application.csproj]
D:\Doan2\panthora_be\src\Application\Features\BookingManagement\TourGuide\TourGuideCommands.cs(194,29): error CA2016: Forward the 'cancellationToken' parameter to the 'GetByIdAsync' method or pass in 'CancellationToken.None' explicitly to indicate intentionally not propagating the token (https://learn.microsoft.com/dotnet/fundamentals/code-analysis/quality-rules/ca2016) [D:\Doan2\panthora_be\src\Application\Application.csproj]
D:\Doan2\panthora_be\src\Application\Features\BookingManagement\TourGuide\TourGuideCommands.cs(206,33): error CA2016: Forward the 'cancellationToken' parameter to the 'GetByBookingIdAsync' method or pass in 'CancellationToken.None' explicitly to indicate intentionally not propagating the token (https://learn.microsoft.com/dotnet/fundamentals/code-analysis/quality-rules/ca2016) [D:\Doan2\panthora_be\src\Application\Application.csproj]
D:\Doan2\panthora_be\src\Application\Features\BookingManagement\Participant\ParticipantAndDocumentCommands.cs(747,34): error CA2016: Forward the 'cancellationToken' parameter to the 'GetByBookingParticipantIdAsync' method or pass in 'CancellationToken.None' explicitly to indicate intentionally not propagating the token (https://learn.microsoft.com/dotnet/fundamentals/code-analysis/quality-rules/ca2016) [D:\Doan2\panthora_be\src\Application\Application.csproj]
D:\Doan2\panthora_be\src\Application\Features\BookingManagement\Participant\ParticipantAndDocumentCommands.cs(752,30): error CA2016: Forward the 'cancellationToken' parameter to the 'GetByVisaApplicationIdAsync' method or pass in 'CancellationToken.None' explicitly to indicate intentionally not propagating the token (https://learn.microsoft.com/dotnet/fundamentals/code-analysis/quality-rules/ca2016) [D:\Doan2\panthora_be\src\Application\Application.csproj]
D:\Doan2\panthora_be\src\Application\Features\BookingManagement\Handlers\GetBookingsByTourInstanceQueryHandler.cs(21,34): error CA2016: Forward the 'cancellationToken' parameter to the 'FindById' method or pass in 'CancellationToken.None' explicitly to indicate intentionally not propagating the token (https://learn.microsoft.com/dotnet/fundamentals/code-analysis/quality-rules/ca2016) [D:\Doan2\panthora_be\src\Application\Application.csproj]
D:\Doan2\panthora_be\src\Application\Features\BookingManagement\Queries\GetAllBookingsQueryHandler.cs(20,41): error CA2016: Forward the 'cancellationToken' parameter to the 'GetAllPagedAsync' method or pass in 'CancellationToken.None' explicitly to indicate intentionally not propagating the token (https://learn.microsoft.com/dotnet/fundamentals/code-analysis/quality-rules/ca2016) [D:\Doan2\panthora_be\src\Application\Application.csproj]
D:\Doan2\panthora_be\src\Application\Features\BookingManagement\Supplier\SupplierQueries.cs(64,31): error CA2016: Forward the 'cancellationToken' parameter to the 'GetListAsync' method or pass in 'CancellationToken.None' explicitly to indicate intentionally not propagating the token (https://learn.microsoft.com/dotnet/fundamentals/code-analysis/quality-rules/ca2016) [D:\Doan2\panthora_be\src\Application\Application.csproj]
D:\Doan2\panthora_be\src\Application\Features\Admin\Queries\GetAdminDashboardOverview\GetAdminDashboardOverviewQueryHandler.cs(19,32): error CA2016: Forward the 'cancellationToken' parameter to the 'CountAll' method or pass in 'CancellationToken.None' explicitly to indicate intentionally not propagating the token (https://learn.microsoft.com/dotnet/fundamentals/code-analysis/quality-rules/ca2016) [D:\Doan2\panthora_be\src\Application\Application.csproj]
D:\Doan2\panthora_be\src\Application\Features\BookingManagement\Activity\BookingTransportDetailCommands.cs(175,28): error CA2016: Forward the 'cancellationToken' parameter to the 'GetByIdAsync' method or pass in 'CancellationToken.None' explicitly to indicate intentionally not propagating the token (https://learn.microsoft.com/dotnet/fundamentals/code-analysis/quality-rules/ca2016) [D:\Doan2\panthora_be\src\Application\Application.csproj]
D:\Doan2\panthora_be\src\Application\Features\BookingManagement\Activity\BookingTransportDetailCommands.cs(183,30): error CA2016: Forward the 'cancellationToken' parameter to the 'GetByIdAsync' method or pass in 'CancellationToken.None' explicitly to indicate intentionally not propagating the token (https://learn.microsoft.com/dotnet/fundamentals/code-analysis/quality-rules/ca2016) [D:\Doan2\panthora_be\src\Application\Application.csproj]
D:\Doan2\panthora_be\src\Application\Features\BookingManagement\Activity\BookingTransportDetailCommands.cs(191,29): error CA2016: Forward the 'cancellationToken' parameter to the 'GetByIdAsync' method or pass in 'CancellationToken.None' explicitly to indicate intentionally not propagating the token (https://learn.microsoft.com/dotnet/fundamentals/code-analysis/quality-rules/ca2016) [D:\Doan2\panthora_be\src\Application\Application.csproj]
D:\Doan2\panthora_be\src\Application\Features\BookingManagement\Activity\BookingTransportDetailCommands.cs(202,38): error CA2016: Forward the 'cancellationToken' parameter to the 'GetByBookingIdAsync' method or pass in 'CancellationToken.None' explicitly to indicate intentionally not propagating the token (https://learn.microsoft.com/dotnet/fundamentals/code-analysis/quality-rules/ca2016) [D:\Doan2\panthora_be\src\Application\Application.csproj]
D:\Doan2\panthora_be\src\Application\Features\BookingManagement\Payable\SupplierPayableCommands.cs(232,29): error CA2016: Forward the 'cancellationToken' parameter to the 'GetByIdAsync' method or pass in 'CancellationToken.None' explicitly to indicate intentionally not propagating the token (https://learn.microsoft.com/dotnet/fundamentals/code-analysis/quality-rules/ca2016) [D:\Doan2\panthora_be\src\Application\Application.csproj]
D:\Doan2\panthora_be\src\Application\Features\BookingManagement\Payable\SupplierPayableCommands.cs(243,30): error CA2016: Forward the 'cancellationToken' parameter to the 'GetByBookingIdAsync' method or pass in 'CancellationToken.None' explicitly to indicate intentionally not propagating the token (https://learn.microsoft.com/dotnet/fundamentals/code-analysis/quality-rules/ca2016) [D:\Doan2\panthora_be\src\Application\Application.csproj]
D:\Doan2\panthora_be\src\Application\Features\BookingManagement\Payable\SupplierPayableCommands.cs(248,34): error CA2016: Forward the 'cancellationToken' parameter to the 'GetBySupplierPayableIdAsync' method or pass in 'CancellationToken.None' explicitly to indicate intentionally not propagating the token (https://learn.microsoft.com/dotnet/fundamentals/code-analysis/quality-rules/ca2016) [D:\Doan2\panthora_be\src\Application\Application.csproj]
D:\Doan2\panthora_be\src\Application\Features\BookingManagement\Participant\ParticipantAndDocumentCommands.cs(715,30): error CA2016: Forward the 'cancellationToken' parameter to the 'GetByBookingParticipantIdAsync' method or pass in 'CancellationToken.None' explicitly to indicate intentionally not propagating the token (https://learn.microsoft.com/dotnet/fundamentals/code-analysis/quality-rules/ca2016) [D:\Doan2\panthora_be\src\Application\Application.csproj]
D:\Doan2\panthora_be\src\Application\Features\BookingManagement\Queries\GetRecentBookingsQuery.cs(24,30): error CA2016: Forward the 'cancellationToken' parameter to the 'GetRecentByUserIdAsync' method or pass in 'CancellationToken.None' explicitly to indicate intentionally not propagating the token (https://learn.microsoft.com/dotnet/fundamentals/code-analysis/quality-rules/ca2016) [D:\Doan2\panthora_be\src\Application\Application.csproj]
D:\Doan2\panthora_be\src\Application\Features\BookingManagement\TourGuide\TourGuideCommands.cs(150,29): error CA2016: Forward the 'cancellationToken' parameter to the 'GetByIdAsync' method or pass in 'CancellationToken.None' explicitly to indicate intentionally not propagating the token (https://learn.microsoft.com/dotnet/fundamentals/code-analysis/quality-rules/ca2016) [D:\Doan2\panthora_be\src\Application\Application.csproj]
D:\Doan2\panthora_be\src\Application\Features\BookingManagement\TourGuide\TourGuideCommands.cs(161,33): error CA2016: Forward the 'cancellationToken' parameter to the 'GetByBookingIdAsync' method or pass in 'CancellationToken.None' explicitly to indicate intentionally not propagating the token (https://learn.microsoft.com/dotnet/fundamentals/code-analysis/quality-rules/ca2016) [D:\Doan2\panthora_be\src\Application\Application.csproj]
D:\Doan2\panthora_be\src\Application\Features\BookingManagement\Activity\BookingAccommodationDetailCommands.cs(234,28): error CA2016: Forward the 'cancellationToken' parameter to the 'GetByIdAsync' method or pass in 'CancellationToken.None' explicitly to indicate intentionally not propagating the token (https://learn.microsoft.com/dotnet/fundamentals/code-analysis/quality-rules/ca2016) [D:\Doan2\panthora_be\src\Application\Application.csproj]
D:\Doan2\panthora_be\src\Application\Features\BookingManagement\Activity\BookingAccommodationDetailCommands.cs(242,30): error CA2016: Forward the 'cancellationToken' parameter to the 'GetByIdAsync' method or pass in 'CancellationToken.None' explicitly to indicate intentionally not propagating the token (https://learn.microsoft.com/dotnet/fundamentals/code-analysis/quality-rules/ca2016) [D:\Doan2\panthora_be\src\Application\Application.csproj]
D:\Doan2\panthora_be\src\Application\Features\BookingManagement\Activity\BookingAccommodationDetailCommands.cs(250,29): error CA2016: Forward the 'cancellationToken' parameter to the 'GetByIdAsync' method or pass in 'CancellationToken.None' explicitly to indicate intentionally not propagating the token (https://learn.microsoft.com/dotnet/fundamentals/code-analysis/quality-rules/ca2016) [D:\Doan2\panthora_be\src\Application\Application.csproj]
D:\Doan2\panthora_be\src\Application\Features\BookingManagement\Activity\BookingAccommodationDetailCommands.cs(258,34): error CA2016: Forward the 'cancellationToken' parameter to the 'GetByBookingIdAsync' method or pass in 'CancellationToken.None' explicitly to indicate intentionally not propagating the token (https://learn.microsoft.com/dotnet/fundamentals/code-analysis/quality-rules/ca2016) [D:\Doan2\panthora_be\src\Application\Application.csproj]
D:\Doan2\panthora_be\src\Application\Features\BookingManagement\Activity\BookingAccommodationDetailCommands.cs(304,19): error CA2016: Forward the 'cancellationToken' parameter to the 'DeleteByBookingAccommodationDetailIdAsync' method or pass in 'CancellationToken.None' explicitly to indicate intentionally not propagating the token (https://learn.microsoft.com/dotnet/fundamentals/code-analysis/quality-rules/ca2016) [D:\Doan2\panthora_be\src\Application\Application.csproj]
D:\Doan2\panthora_be\src\Application\Features\BookingManagement\Activity\BookingAccommodationDetailCommands.cs(309,39): error CA2016: Forward the 'cancellationToken' parameter to the 'FindByHotelAndRoomTypeAsync' method or pass in 'CancellationToken.None' explicitly to indicate intentionally not propagating the token (https://learn.microsoft.com/dotnet/fundamentals/code-analysis/quality-rules/ca2016) [D:\Doan2\panthora_be\src\Application\Application.csproj]
D:\Doan2\panthora_be\src\Application\Features\BookingManagement\Activity\BookingAccommodationDetailCommands.cs(321,50): error CA2016: Forward the 'cancellationToken' parameter to the 'GetBlockedRoomCountAsync' method or pass in 'CancellationToken.None' explicitly to indicate intentionally not propagating the token (https://learn.microsoft.com/dotnet/fundamentals/code-analysis/quality-rules/ca2016) [D:\Doan2\panthora_be\src\Application\Application.csproj]
D:\Doan2\panthora_be\src\Application\Features\BookingManagement\Activity\BookingAccommodationDetailCommands.cs(354,27): error CA2016: Forward the 'cancellationToken' parameter to the 'AddRangeAsync' method or pass in 'CancellationToken.None' explicitly to indicate intentionally not propagating the token (https://learn.microsoft.com/dotnet/fundamentals/code-analysis/quality-rules/ca2016) [D:\Doan2\panthora_be\src\Application\Application.csproj]
D:\Doan2\panthora_be\src\Application\Features\BookingManagement\Supplier\SupplierQueries.cs(27,28): error CA2016: Forward the 'cancellationToken' parameter to the 'GetByIdAsync' method or pass in 'CancellationToken.None' explicitly to indicate intentionally not propagating the token (https://learn.microsoft.com/dotnet/fundamentals/code-analysis/quality-rules/ca2016) [D:\Doan2\panthora_be\src\Application\Application.csproj]
D:\Doan2\panthora_be\src\Application\Features\BookingManagement\Payable\SupplierPayableCommands.cs(48,29): error CA2016: Forward the 'cancellationToken' parameter to the 'GetByIdAsync' method or pass in 'CancellationToken.None' explicitly to indicate intentionally not propagating the token (https://learn.microsoft.com/dotnet/fundamentals/code-analysis/quality-rules/ca2016) [D:\Doan2\panthora_be\src\Application\Application.csproj]
D:\Doan2\panthora_be\src\Application\Features\BookingManagement\Payable\SupplierPayableCommands.cs(63,30): error CA2016: Forward the 'cancellationToken' parameter to the 'GetByIdAsync' method or pass in 'CancellationToken.None' explicitly to indicate intentionally not propagating the token (https://learn.microsoft.com/dotnet/fundamentals/code-analysis/quality-rules/ca2016) [D:\Doan2\panthora_be\src\Application\Application.csproj]
D:\Doan2\panthora_be\src\Application\Features\BookingManagement\Payable\SupplierPayableCommands.cs(79,15): error CA2016: Forward the 'cancellationToken' parameter to the 'AddAsync' method or pass in 'CancellationToken.None' explicitly to indicate intentionally not propagating the token (https://learn.microsoft.com/dotnet/fundamentals/code-analysis/quality-rules/ca2016) [D:\Doan2\panthora_be\src\Application\Application.csproj]
D:\Doan2\panthora_be\src\Application\Features\BookingManagement\TourGuide\TourGuideCommands.cs(114,32): error CA2016: Forward the 'cancellationToken' parameter to the 'GetByBookingIdAndUserIdAsync' method or pass in 'CancellationToken.None' explicitly to indicate intentionally not propagating the token (https://learn.microsoft.com/dotnet/fundamentals/code-analysis/quality-rules/ca2016) [D:\Doan2\panthora_be\src\Application\Application.csproj]
D:\Doan2\panthora_be\src\Application\Features\BookingManagement\Payable\SupplierPayableCommands.cs(182,29): error CA2016: Forward the 'cancellationToken' parameter to the 'GetByIdAsync' method or pass in 'CancellationToken.None' explicitly to indicate intentionally not propagating the token (https://learn.microsoft.com/dotnet/fundamentals/code-analysis/quality-rules/ca2016) [D:\Doan2\panthora_be\src\Application\Application.csproj]
D:\Doan2\panthora_be\src\Application\Features\BookingManagement\Payable\SupplierPayableCommands.cs(190,29): error CA2016: Forward the 'cancellationToken' parameter to the 'GetByIdAsync' method or pass in 'CancellationToken.None' explicitly to indicate intentionally not propagating the token (https://learn.microsoft.com/dotnet/fundamentals/code-analysis/quality-rules/ca2016) [D:\Doan2\panthora_be\src\Application\Application.csproj]
D:\Doan2\panthora_be\src\Application\Features\BookingManagement\Payable\SupplierPayableCommands.cs(209,15): error CA2016: Forward the 'cancellationToken' parameter to the 'AddAsync' method or pass in 'CancellationToken.None' explicitly to indicate intentionally not propagating the token (https://learn.microsoft.com/dotnet/fundamentals/code-analysis/quality-rules/ca2016) [D:\Doan2\panthora_be\src\Application\Application.csproj]
D:\Doan2\panthora_be\src\Application\Features\BookingManagement\Activity\BookingAccommodationDetailCommands.cs(71,30): error CA2016: Forward the 'cancellationToken' parameter to the 'GetByIdAsync' method or pass in 'CancellationToken.None' explicitly to indicate intentionally not propagating the token (https://learn.microsoft.com/dotnet/fundamentals/code-analysis/quality-rules/ca2016) [D:\Doan2\panthora_be\src\Application\Application.csproj]
D:\Doan2\panthora_be\src\Application\Features\BookingManagement\Activity\BookingAccommodationDetailCommands.cs(79,29): error CA2016: Forward the 'cancellationToken' parameter to the 'GetByIdAsync' method or pass in 'CancellationToken.None' explicitly to indicate intentionally not propagating the token (https://learn.microsoft.com/dotnet/fundamentals/code-analysis/quality-rules/ca2016) [D:\Doan2\panthora_be\src\Application\Application.csproj]
D:\Doan2\panthora_be\src\Application\Features\BookingManagement\Activity\BookingAccommodationDetailCommands.cs(87,34): error CA2016: Forward the 'cancellationToken' parameter to the 'GetByBookingIdAsync' method or pass in 'CancellationToken.None' explicitly to indicate intentionally not propagating the token (https://learn.microsoft.com/dotnet/fundamentals/code-analysis/quality-rules/ca2016) [D:\Doan2\panthora_be\src\Application\Application.csproj]
D:\Doan2\panthora_be\src\Application\Features\BookingManagement\Activity\BookingAccommodationDetailCommands.cs(124,35): error CA2016: Forward the 'cancellationToken' parameter to the 'FindByHotelAndRoomTypeAsync' method or pass in 'CancellationToken.None' explicitly to indicate intentionally not propagating the token (https://learn.microsoft.com/dotnet/fundamentals/code-analysis/quality-rules/ca2016) [D:\Doan2\panthora_be\src\Application\Application.csproj]
D:\Doan2\panthora_be\src\Application\Features\BookingManagement\Activity\BookingAccommodationDetailCommands.cs(136,46): error CA2016: Forward the 'cancellationToken' parameter to the 'GetBlockedRoomCountAsync' method or pass in 'CancellationToken.None' explicitly to indicate intentionally not propagating the token (https://learn.microsoft.com/dotnet/fundamentals/code-analysis/quality-rules/ca2016) [D:\Doan2\panthora_be\src\Application\Application.csproj]
D:\Doan2\panthora_be\src\Application\Features\BookingManagement\Activity\BookingAccommodationDetailCommands.cs(170,23): error CA2016: Forward the 'cancellationToken' parameter to the 'AddRangeAsync' method or pass in 'CancellationToken.None' explicitly to indicate intentionally not propagating the token (https://learn.microsoft.com/dotnet/fundamentals/code-analysis/quality-rules/ca2016) [D:\Doan2\panthora_be\src\Application\Application.csproj]
D:\Doan2\panthora_be\src\Application\Features\BookingManagement\Activity\BookingAccommodationDetailCommands.cs(174,15): error CA2016: Forward the 'cancellationToken' parameter to the 'AddAsync' method or pass in 'CancellationToken.None' explicitly to indicate intentionally not propagating the token (https://learn.microsoft.com/dotnet/fundamentals/code-analysis/quality-rules/ca2016) [D:\Doan2\panthora_be\src\Application\Application.csproj]
D:\Doan2\panthora_be\src\Application\Features\BookingManagement\Queries\GetCheckoutPriceQuery.cs(20,29): error CA2016: Forward the 'cancellationToken' parameter to the 'GetByIdAsync' method or pass in 'CancellationToken.None' explicitly to indicate intentionally not propagating the token (https://learn.microsoft.com/dotnet/fundamentals/code-analysis/quality-rules/ca2016) [D:\Doan2\panthora_be\src\Application\Application.csproj]
D:\Doan2\panthora_be\src\Application\Features\BookingManagement\Queries\GetCheckoutPriceQuery.cs(28,32): error CA2016: Forward the 'cancellationToken' parameter to the 'GetListAsync' method or pass in 'CancellationToken.None' explicitly to indicate intentionally not propagating the token (https://learn.microsoft.com/dotnet/fundamentals/code-analysis/quality-rules/ca2016) [D:\Doan2\panthora_be\src\Application\Application.csproj]
D:\Doan2\panthora_be\src\Application\Features\BookingManagement\Queries\GetCheckoutPriceQuery.cs(31,35): error CA2016: Forward the 'cancellationToken' parameter to the 'GetActivePolicyByTourType' method or pass in 'CancellationToken.None' explicitly to indicate intentionally not propagating the token (https://learn.microsoft.com/dotnet/fundamentals/code-analysis/quality-rules/ca2016) [D:\Doan2\panthora_be\src\Application\Application.csproj]
D:\Doan2\panthora_be\src\Application\Features\BookingManagement\Queries\GetCheckoutPriceQuery.cs(32,22): error CA2016: Forward the 'cancellationToken' parameter to the 'GetDefaultPolicy' method or pass in 'CancellationToken.None' explicitly to indicate intentionally not propagating the token (https://learn.microsoft.com/dotnet/fundamentals/code-analysis/quality-rules/ca2016) [D:\Doan2\panthora_be\src\Application\Application.csproj]
D:\Doan2\panthora_be\src\Application\Features\BookingManagement\Participant\ParticipantAndDocumentCommands.cs(621,29): error CA2016: Forward the 'cancellationToken' parameter to the 'GetByIdAsync' method or pass in 'CancellationToken.None' explicitly to indicate intentionally not propagating the token (https://learn.microsoft.com/dotnet/fundamentals/code-analysis/quality-rules/ca2016) [D:\Doan2\panthora_be\src\Application\Application.csproj]
D:\Doan2\panthora_be\src\Application\Features\BookingManagement\Participant\ParticipantAndDocumentCommands.cs(632,34): error CA2016: Forward the 'cancellationToken' parameter to the 'GetByBookingIdAsync' method or pass in 'CancellationToken.None' explicitly to indicate intentionally not propagating the token (https://learn.microsoft.com/dotnet/fundamentals/code-analysis/quality-rules/ca2016) [D:\Doan2\panthora_be\src\Application\Application.csproj]
D:\Doan2\panthora_be\src\Application\Features\BookingManagement\Participant\ParticipantAndDocumentCommands.cs(637,34): error CA2016: Forward the 'cancellationToken' parameter to the 'GetByBookingParticipantIdAsync' method or pass in 'CancellationToken.None' explicitly to indicate intentionally not propagating the token (https://learn.microsoft.com/dotnet/fundamentals/code-analysis/quality-rules/ca2016) [D:\Doan2\panthora_be\src\Application\Application.csproj]
D:\Doan2\panthora_be\src\Application\Features\BookingManagement\Participant\ParticipantAndDocumentCommands.cs(638,42): error CA2016: Forward the 'cancellationToken' parameter to the 'GetByBookingParticipantIdAsync' method or pass in 'CancellationToken.None' explicitly to indicate intentionally not propagating the token (https://learn.microsoft.com/dotnet/fundamentals/code-analysis/quality-rules/ca2016) [D:\Doan2\panthora_be\src\Application\Application.csproj]
D:\Doan2\panthora_be\src\Application\Features\BookingManagement\Participant\ParticipantAndDocumentCommands.cs(643,34): error CA2016: Forward the 'cancellationToken' parameter to the 'GetByVisaApplicationIdAsync' method or pass in 'CancellationToken.None' explicitly to indicate intentionally not propagating the token (https://learn.microsoft.com/dotnet/fundamentals/code-analysis/quality-rules/ca2016) [D:\Doan2\panthora_be\src\Application\Application.csproj]
D:\Doan2\panthora_be\src\Application\Features\Admin\Commands\CreateStaffUnderManager\CreateStaffUnderManagerCommandHandler.cs(32,29): error CA2016: Forward the 'cancellationToken' parameter to the 'FindById' method or pass in 'CancellationToken.None' explicitly to indicate intentionally not propagating the token (https://learn.microsoft.com/dotnet/fundamentals/code-analysis/quality-rules/ca2016) [D:\Doan2\panthora_be\src\Application\Application.csproj]
D:\Doan2\panthora_be\src\Application\Features\Admin\Commands\CreateStaffUnderManager\CreateStaffUnderManagerCommandHandler.cs(43,32): error CA2016: Forward the 'cancellationToken' parameter to the 'FindByNameAsync' method or pass in 'CancellationToken.None' explicitly to indicate intentionally not propagating the token (https://learn.microsoft.com/dotnet/fundamentals/code-analysis/quality-rules/ca2016) [D:\Doan2\panthora_be\src\Application\Application.csproj]
D:\Doan2\panthora_be\src\Application\Features\Admin\Commands\CreateStaffUnderManager\CreateStaffUnderManagerCommandHandler.cs(48,30): error CA2016: Forward the 'cancellationToken' parameter to the 'IsEmailUnique' method or pass in 'CancellationToken.None' explicitly to indicate intentionally not propagating the token (https://learn.microsoft.com/dotnet/fundamentals/code-analysis/quality-rules/ca2016) [D:\Doan2\panthora_be\src\Application\Application.csproj]
D:\Doan2\panthora_be\src\Application\Features\Admin\Queries\GetTourManagerStaff\GetTourManagerStaffQueryHandler.cs(22,29): error CA2016: Forward the 'cancellationToken' parameter to the 'FindById' method or pass in 'CancellationToken.None' explicitly to indicate intentionally not propagating the token (https://learn.microsoft.com/dotnet/fundamentals/code-analysis/quality-rules/ca2016) [D:\Doan2\panthora_be\src\Application\Application.csproj]
D:\Doan2\panthora_be\src\Application\Features\Admin\Queries\GetTourManagerStaff\GetTourManagerStaffQueryHandler.cs(33,33): error CA2016: Forward the 'cancellationToken' parameter to the 'FindByIds' method or pass in 'CancellationToken.None' explicitly to indicate intentionally not propagating the token (https://learn.microsoft.com/dotnet/fundamentals/code-analysis/quality-rules/ca2016) [D:\Doan2\panthora_be\src\Application\Application.csproj]
D:\Doan2\panthora_be\src\Application\Features\Admin\Queries\GetTourManagerStaff\GetTourManagerStaffQueryHandler.cs(36,33): error CA2016: Forward the 'cancellationToken' parameter to the 'FindByUserIds' method or pass in 'CancellationToken.None' explicitly to indicate intentionally not propagating the token (https://learn.microsoft.com/dotnet/fundamentals/code-analysis/quality-rules/ca2016) [D:\Doan2\panthora_be\src\Application\Application.csproj]
D:\Doan2\panthora_be\src\Application\Features\BookingManagement\Participant\ParticipantAndDocumentCommands.cs(542,37): error CA2016: Forward the 'cancellationToken' parameter to the 'GetByIdAsync' method or pass in 'CancellationToken.None' explicitly to indicate intentionally not propagating the token (https://learn.microsoft.com/dotnet/fundamentals/code-analysis/quality-rules/ca2016) [D:\Doan2\panthora_be\src\Application\Application.csproj]
D:\Doan2\panthora_be\src\Application\Features\BookingManagement\Participant\ParticipantAndDocumentCommands.cs(550,30): error CA2016: Forward the 'cancellationToken' parameter to the 'GetByVisaApplicationIdAsync' method or pass in 'CancellationToken.None' explicitly to indicate intentionally not propagating the token (https://learn.microsoft.com/dotnet/fundamentals/code-analysis/quality-rules/ca2016) [D:\Doan2\panthora_be\src\Application\Application.csproj]
D:\Doan2\panthora_be\src\Application\Features\BookingManagement\Participant\ParticipantAndDocumentCommands.cs(560,37): error CA2016: Forward the 'cancellationToken' parameter to the 'GetByIdAsync' method or pass in 'CancellationToken.None' explicitly to indicate intentionally not propagating the token (https://learn.microsoft.com/dotnet/fundamentals/code-analysis/quality-rules/ca2016) [D:\Doan2\panthora_be\src\Application\Application.csproj]
D:\Doan2\panthora_be\src\Application\Features\BookingManagement\Participant\ParticipantAndDocumentCommands.cs(568,33): error CA2016: Forward the 'cancellationToken' parameter to the 'GetByIdAsync' method or pass in 'CancellationToken.None' explicitly to indicate intentionally not propagating the token (https://learn.microsoft.com/dotnet/fundamentals/code-analysis/quality-rules/ca2016) [D:\Doan2\panthora_be\src\Application\Application.csproj]
D:\Doan2\panthora_be\src\Application\Features\BookingManagement\Participant\ParticipantAndDocumentCommands.cs(596,15): error CA2016: Forward the 'cancellationToken' parameter to the 'AddAsync' method or pass in 'CancellationToken.None' explicitly to indicate intentionally not propagating the token (https://learn.microsoft.com/dotnet/fundamentals/code-analysis/quality-rules/ca2016) [D:\Doan2\panthora_be\src\Application\Application.csproj]
D:\Doan2\panthora_be\src\Application\Features\BookingManagement\TourGuide\TourGuideCommands.cs(47,29): error CA2016: Forward the 'cancellationToken' parameter to the 'GetByIdAsync' method or pass in 'CancellationToken.None' explicitly to indicate intentionally not propagating the token (https://learn.microsoft.com/dotnet/fundamentals/code-analysis/quality-rules/ca2016) [D:\Doan2\panthora_be\src\Application\Application.csproj]
D:\Doan2\panthora_be\src\Application\Features\BookingManagement\TourGuide\TourGuideCommands.cs(55,26): error CA2016: Forward the 'cancellationToken' parameter to the 'FindById' method or pass in 'CancellationToken.None' explicitly to indicate intentionally not propagating the token (https://learn.microsoft.com/dotnet/fundamentals/code-analysis/quality-rules/ca2016) [D:\Doan2\panthora_be\src\Application\Application.csproj]
D:\Doan2\panthora_be\src\Application\Features\BookingManagement\TourGuide\TourGuideCommands.cs(63,40): error CA2016: Forward the 'cancellationToken' parameter to the 'GetByBookingIdAndUserIdAsync' method or pass in 'CancellationToken.None' explicitly to indicate intentionally not propagating the token (https://learn.microsoft.com/dotnet/fundamentals/code-analysis/quality-rules/ca2016) [D:\Doan2\panthora_be\src\Application\Application.csproj]
D:\Doan2\panthora_be\src\Application\Features\BookingManagement\TourGuide\TourGuideCommands.cs(80,15): error CA2016: Forward the 'cancellationToken' parameter to the 'AddAsync' method or pass in 'CancellationToken.None' explicitly to indicate intentionally not propagating the token (https://learn.microsoft.com/dotnet/fundamentals/code-analysis/quality-rules/ca2016) [D:\Doan2\panthora_be\src\Application\Application.csproj]
D:\Doan2\panthora_be\src\Application\Features\BookingManagement\Activity\BookingTransportDetailCommands.cs(66,30): error CA2016: Forward the 'cancellationToken' parameter to the 'GetByIdAsync' method or pass in 'CancellationToken.None' explicitly to indicate intentionally not propagating the token (https://learn.microsoft.com/dotnet/fundamentals/code-analysis/quality-rules/ca2016) [D:\Doan2\panthora_be\src\Application\Application.csproj]
D:\Doan2\panthora_be\src\Application\Features\BookingManagement\Activity\BookingTransportDetailCommands.cs(74,29): error CA2016: Forward the 'cancellationToken' parameter to the 'GetByIdAsync' method or pass in 'CancellationToken.None' explicitly to indicate intentionally not propagating the token (https://learn.microsoft.com/dotnet/fundamentals/code-analysis/quality-rules/ca2016) [D:\Doan2\panthora_be\src\Application\Application.csproj]
D:\Doan2\panthora_be\src\Application\Features\BookingManagement\Activity\BookingTransportDetailCommands.cs(84,38): error CA2016: Forward the 'cancellationToken' parameter to the 'GetByBookingIdAsync' method or pass in 'CancellationToken.None' explicitly to indicate intentionally not propagating the token (https://learn.microsoft.com/dotnet/fundamentals/code-analysis/quality-rules/ca2016) [D:\Doan2\panthora_be\src\Application\Application.csproj]
D:\Doan2\panthora_be\src\Application\Features\BookingManagement\Activity\BookingTransportDetailCommands.cs(118,15): error CA2016: Forward the 'cancellationToken' parameter to the 'AddAsync' method or pass in 'CancellationToken.None' explicitly to indicate intentionally not propagating the token (https://learn.microsoft.com/dotnet/fundamentals/code-analysis/quality-rules/ca2016) [D:\Doan2\panthora_be\src\Application\Application.csproj]
D:\Doan2\panthora_be\src\Application\Features\BookingManagement\Participant\ParticipantAndDocumentCommands.cs(457,28): error CA2016: Forward the 'cancellationToken' parameter to the 'GetByIdAsync' method or pass in 'CancellationToken.None' explicitly to indicate intentionally not propagating the token (https://learn.microsoft.com/dotnet/fundamentals/code-analysis/quality-rules/ca2016) [D:\Doan2\panthora_be\src\Application\Application.csproj]
D:\Doan2\panthora_be\src\Application\Features\BookingManagement\Participant\ParticipantAndDocumentCommands.cs(467,37): error CA2016: Forward the 'cancellationToken' parameter to the 'GetByIdAsync' method or pass in 'CancellationToken.None' explicitly to indicate intentionally not propagating the token (https://learn.microsoft.com/dotnet/fundamentals/code-analysis/quality-rules/ca2016) [D:\Doan2\panthora_be\src\Application\Application.csproj]
D:\Doan2\panthora_be\src\Application\Features\BookingManagement\Participant\ParticipantAndDocumentCommands.cs(475,33): error CA2016: Forward the 'cancellationToken' parameter to the 'GetByIdAsync' method or pass in 'CancellationToken.None' explicitly to indicate intentionally not propagating the token (https://learn.microsoft.com/dotnet/fundamentals/code-analysis/quality-rules/ca2016) [D:\Doan2\panthora_be\src\Application\Application.csproj]
D:\Doan2\panthora_be\src\Application\Features\BookingManagement\Supplier\SupplierCommands.cs(244,30): error CA2016: Forward the 'cancellationToken' parameter to the 'IsEmailUnique' method or pass in 'CancellationToken.None' explicitly to indicate intentionally not propagating the token (https://learn.microsoft.com/dotnet/fundamentals/code-analysis/quality-rules/ca2016) [D:\Doan2\panthora_be\src\Application\Application.csproj]
D:\Doan2\panthora_be\src\Application\Features\BookingManagement\Supplier\SupplierCommands.cs(253,34): error CA2016: Forward the 'cancellationToken' parameter to the 'GetByCodeAsync' method or pass in 'CancellationToken.None' explicitly to indicate intentionally not propagating the token (https://learn.microsoft.com/dotnet/fundamentals/code-analysis/quality-rules/ca2016) [D:\Doan2\panthora_be\src\Application\Application.csproj]
D:\Doan2\panthora_be\src\Application\Features\BookingManagement\Supplier\SupplierCommands.cs(269,32): error CA2016: Forward the 'cancellationToken' parameter to the 'FindByNameAsync' method or pass in 'CancellationToken.None' explicitly to indicate intentionally not propagating the token (https://learn.microsoft.com/dotnet/fundamentals/code-analysis/quality-rules/ca2016) [D:\Doan2\panthora_be\src\Application\Application.csproj]
D:\Doan2\panthora_be\src\Application\Features\BookingManagement\Participant\ParticipantAndDocumentCommands.cs(395,33): error CA2016: Forward the 'cancellationToken' parameter to the 'GetByIdAsync' method or pass in 'CancellationToken.None' explicitly to indicate intentionally not propagating the token (https://learn.microsoft.com/dotnet/fundamentals/code-analysis/quality-rules/ca2016) [D:\Doan2\panthora_be\src\Application\Application.csproj]
D:\Doan2\panthora_be\src\Application\Features\BookingManagement\Participant\ParticipantAndDocumentCommands.cs(403,30): error CA2016: Forward the 'cancellationToken' parameter to the 'GetByIdAsync' method or pass in 'CancellationToken.None' explicitly to indicate intentionally not propagating the token (https://learn.microsoft.com/dotnet/fundamentals/code-analysis/quality-rules/ca2016) [D:\Doan2\panthora_be\src\Application\Application.csproj]
D:\Doan2\panthora_be\src\Application\Features\BookingManagement\Participant\ParticipantAndDocumentCommands.cs(419,15): error CA2016: Forward the 'cancellationToken' parameter to the 'AddAsync' method or pass in 'CancellationToken.None' explicitly to indicate intentionally not propagating the token (https://learn.microsoft.com/dotnet/fundamentals/code-analysis/quality-rules/ca2016) [D:\Doan2\panthora_be\src\Application\Application.csproj]
D:\Doan2\panthora_be\src\Application\Features\BookingManagement\Activity\BookingActivityReservationCommands.cs(139,28): error CA2016: Forward the 'cancellationToken' parameter to the 'GetByIdAsync' method or pass in 'CancellationToken.None' explicitly to indicate intentionally not propagating the token (https://learn.microsoft.com/dotnet/fundamentals/code-analysis/quality-rules/ca2016) [D:\Doan2\panthora_be\src\Application\Application.csproj]
D:\Doan2\panthora_be\src\Application\Features\BookingManagement\Activity\BookingActivityReservationCommands.cs(147,29): error CA2016: Forward the 'cancellationToken' parameter to the 'GetByIdAsync' method or pass in 'CancellationToken.None' explicitly to indicate intentionally not propagating the token (https://learn.microsoft.com/dotnet/fundamentals/code-analysis/quality-rules/ca2016) [D:\Doan2\panthora_be\src\Application\Application.csproj]
D:\Doan2\panthora_be\src\Application\Features\BookingManagement\Activity\BookingActivityReservationCommands.cs(59,29): error CA2016: Forward the 'cancellationToken' parameter to the 'GetByIdAsync' method or pass in 'CancellationToken.None' explicitly to indicate intentionally not propagating the token (https://learn.microsoft.com/dotnet/fundamentals/code-analysis/quality-rules/ca2016) [D:\Doan2\panthora_be\src\Application\Application.csproj]
D:\Doan2\panthora_be\src\Application\Features\BookingManagement\Activity\BookingActivityReservationCommands.cs(88,15): error CA2016: Forward the 'cancellationToken' parameter to the 'AddAsync' method or pass in 'CancellationToken.None' explicitly to indicate intentionally not propagating the token (https://learn.microsoft.com/dotnet/fundamentals/code-analysis/quality-rules/ca2016) [D:\Doan2\panthora_be\src\Application\Application.csproj]
D:\Doan2\panthora_be\src\Application\Features\BookingManagement\Activity\BookingActivityReservationCommands.cs(191,29): error CA2016: Forward the 'cancellationToken' parameter to the 'GetByIdAsync' method or pass in 'CancellationToken.None' explicitly to indicate intentionally not propagating the token (https://learn.microsoft.com/dotnet/fundamentals/code-analysis/quality-rules/ca2016) [D:\Doan2\panthora_be\src\Application\Application.csproj]
D:\Doan2\panthora_be\src\Application\Features\BookingManagement\Activity\BookingActivityReservationCommands.cs(202,30): error CA2016: Forward the 'cancellationToken' parameter to the 'GetByBookingIdAsync' method or pass in 'CancellationToken.None' explicitly to indicate intentionally not propagating the token (https://learn.microsoft.com/dotnet/fundamentals/code-analysis/quality-rules/ca2016) [D:\Doan2\panthora_be\src\Application\Application.csproj]
D:\Doan2\panthora_be\src\Application\Features\BookingManagement\Participant\ParticipantAndDocumentCommands.cs(318,28): error CA2016: Forward the 'cancellationToken' parameter to the 'GetByIdAsync' method or pass in 'CancellationToken.None' explicitly to indicate intentionally not propagating the token (https://learn.microsoft.com/dotnet/fundamentals/code-analysis/quality-rules/ca2016) [D:\Doan2\panthora_be\src\Application\Application.csproj]
D:\Doan2\panthora_be\src\Application\Features\BookingManagement\Participant\ParticipantAndDocumentCommands.cs(326,33): error CA2016: Forward the 'cancellationToken' parameter to the 'GetByIdAsync' method or pass in 'CancellationToken.None' explicitly to indicate intentionally not propagating the token (https://learn.microsoft.com/dotnet/fundamentals/code-analysis/quality-rules/ca2016) [D:\Doan2\panthora_be\src\Application\Application.csproj]
D:\Doan2\panthora_be\src\Application\Features\BookingManagement\Participant\ParticipantAndDocumentCommands.cs(334,29): error CA2016: Forward the 'cancellationToken' parameter to the 'GetByIdAsync' method or pass in 'CancellationToken.None' explicitly to indicate intentionally not propagating the token (https://learn.microsoft.com/dotnet/fundamentals/code-analysis/quality-rules/ca2016) [D:\Doan2\panthora_be\src\Application\Application.csproj]
D:\Doan2\panthora_be\src\Application\Features\BookingManagement\Activity\BookingAccommodationDetailCommands.cs(381,29): error CA2016: Forward the 'cancellationToken' parameter to the 'GetByIdAsync' method or pass in 'CancellationToken.None' explicitly to indicate intentionally not propagating the token (https://learn.microsoft.com/dotnet/fundamentals/code-analysis/quality-rules/ca2016) [D:\Doan2\panthora_be\src\Application\Application.csproj]
D:\Doan2\panthora_be\src\Application\Features\BookingManagement\Activity\BookingAccommodationDetailCommands.cs(392,32): error CA2016: Forward the 'cancellationToken' parameter to the 'GetByBookingIdAsync' method or pass in 'CancellationToken.None' explicitly to indicate intentionally not propagating the token (https://learn.microsoft.com/dotnet/fundamentals/code-analysis/quality-rules/ca2016) [D:\Doan2\panthora_be\src\Application\Application.csproj]
D:\Doan2\panthora_be\src\Application\Features\BookingManagement\Activity\BookingAccommodationDetailCommands.cs(397,33): error CA2016: Forward the 'cancellationToken' parameter to the 'GetByBookingActivityReservationIdAsync' method or pass in 'CancellationToken.None' explicitly to indicate intentionally not propagating the token (https://learn.microsoft.com/dotnet/fundamentals/code-analysis/quality-rules/ca2016) [D:\Doan2\panthora_be\src\Application\Application.csproj]
D:\Doan2\panthora_be\src\Application\Features\BookingManagement\Supplier\SupplierCommands.cs(120,28): error CA2016: Forward the 'cancellationToken' parameter to the 'GetByIdAsync' method or pass in 'CancellationToken.None' explicitly to indicate intentionally not propagating the token (https://learn.microsoft.com/dotnet/fundamentals/code-analysis/quality-rules/ca2016) [D:\Doan2\panthora_be\src\Application\Application.csproj]
D:\Doan2\panthora_be\src\Application\Features\BookingManagement\Supplier\SupplierCommands.cs(128,30): error CA2016: Forward the 'cancellationToken' parameter to the 'GetByCodeAsync' method or pass in 'CancellationToken.None' explicitly to indicate intentionally not propagating the token (https://learn.microsoft.com/dotnet/fundamentals/code-analysis/quality-rules/ca2016) [D:\Doan2\panthora_be\src\Application\Application.csproj]
D:\Doan2\panthora_be\src\Application\Features\BookingManagement\Participant\ParticipantAndDocumentCommands.cs(237,33): error CA2016: Forward the 'cancellationToken' parameter to the 'GetByIdAsync' method or pass in 'CancellationToken.None' explicitly to indicate intentionally not propagating the token (https://learn.microsoft.com/dotnet/fundamentals/code-analysis/quality-rules/ca2016) [D:\Doan2\panthora_be\src\Application\Application.csproj]
D:\Doan2\panthora_be\src\Application\Features\BookingManagement\Participant\ParticipantAndDocumentCommands.cs(245,29): error CA2016: Forward the 'cancellationToken' parameter to the 'GetByIdAsync' method or pass in 'CancellationToken.None' explicitly to indicate intentionally not propagating the token (https://learn.microsoft.com/dotnet/fundamentals/code-analysis/quality-rules/ca2016) [D:\Doan2\panthora_be\src\Application\Application.csproj]
D:\Doan2\panthora_be\src\Application\Features\BookingManagement\Participant\ParticipantAndDocumentCommands.cs(260,30): error CA2016: Forward the 'cancellationToken' parameter to the 'GetByBookingParticipantIdAsync' method or pass in 'CancellationToken.None' explicitly to indicate intentionally not propagating the token (https://learn.microsoft.com/dotnet/fundamentals/code-analysis/quality-rules/ca2016) [D:\Doan2\panthora_be\src\Application\Application.csproj]
D:\Doan2\panthora_be\src\Application\Features\BookingManagement\Participant\ParticipantAndDocumentCommands.cs(277,15): error CA2016: Forward the 'cancellationToken' parameter to the 'AddAsync' method or pass in 'CancellationToken.None' explicitly to indicate intentionally not propagating the token (https://learn.microsoft.com/dotnet/fundamentals/code-analysis/quality-rules/ca2016) [D:\Doan2\panthora_be\src\Application\Application.csproj]
D:\Doan2\panthora_be\src\Application\Features\TourRequest\Queries\GetTourRequestDetailQuery.cs(40,35): error CA2016: Forward the 'cancellationToken' parameter to the 'GetByIdAsync' method or pass in 'CancellationToken.None' explicitly to indicate intentionally not propagating the token (https://learn.microsoft.com/dotnet/fundamentals/code-analysis/quality-rules/ca2016) [D:\Doan2\panthora_be\src\Application\Application.csproj]
D:\Doan2\panthora_be\src\Application\Features\BookingManagement\Participant\ParticipantAndDocumentCommands.cs(139,28): error CA2016: Forward the 'cancellationToken' parameter to the 'GetByIdAsync' method or pass in 'CancellationToken.None' explicitly to indicate intentionally not propagating the token (https://learn.microsoft.com/dotnet/fundamentals/code-analysis/quality-rules/ca2016) [D:\Doan2\panthora_be\src\Application\Application.csproj]
D:\Doan2\panthora_be\src\Application\Features\BookingManagement\Participant\ParticipantAndDocumentCommands.cs(147,34): error CA2016: Forward the 'cancellationToken' parameter to the 'GetByBookingIdAsync' method or pass in 'CancellationToken.None' explicitly to indicate intentionally not propagating the token (https://learn.microsoft.com/dotnet/fundamentals/code-analysis/quality-rules/ca2016) [D:\Doan2\panthora_be\src\Application\Application.csproj]
D:\Doan2\panthora_be\src\Application\Features\TourRequest\Queries\GetMyTourRequestsQuery.cs(46,30): error CA2016: Forward the 'cancellationToken' parameter to the 'GetByUserIdAsync' method or pass in 'CancellationToken.None' explicitly to indicate intentionally not propagating the token (https://learn.microsoft.com/dotnet/fundamentals/code-analysis/quality-rules/ca2016) [D:\Doan2\panthora_be\src\Application\Application.csproj]
D:\Doan2\panthora_be\src\Application\Features\TourRequest\Queries\GetMyTourRequestsQuery.cs(47,27): error CA2016: Forward the 'cancellationToken' parameter to the 'CountByUserIdAsync' method or pass in 'CancellationToken.None' explicitly to indicate intentionally not propagating the token (https://learn.microsoft.com/dotnet/fundamentals/code-analysis/quality-rules/ca2016) [D:\Doan2\panthora_be\src\Application\Application.csproj]
D:\Doan2\panthora_be\src\Application\Features\BookingManagement\Participant\ParticipantAndDocumentCommands.cs(51,29): error CA2016: Forward the 'cancellationToken' parameter to the 'GetByIdAsync' method or pass in 'CancellationToken.None' explicitly to indicate intentionally not propagating the token (https://learn.microsoft.com/dotnet/fundamentals/code-analysis/quality-rules/ca2016) [D:\Doan2\panthora_be\src\Application\Application.csproj]
D:\Doan2\panthora_be\src\Application\Features\BookingManagement\Participant\ParticipantAndDocumentCommands.cs(59,34): error CA2016: Forward the 'cancellationToken' parameter to the 'GetByBookingIdAsync' method or pass in 'CancellationToken.None' explicitly to indicate intentionally not propagating the token (https://learn.microsoft.com/dotnet/fundamentals/code-analysis/quality-rules/ca2016) [D:\Doan2\panthora_be\src\Application\Application.csproj]
D:\Doan2\panthora_be\src\Application\Features\BookingManagement\Participant\ParticipantAndDocumentCommands.cs(98,15): error CA2016: Forward the 'cancellationToken' parameter to the 'AddAsync' method or pass in 'CancellationToken.None' explicitly to indicate intentionally not propagating the token (https://learn.microsoft.com/dotnet/fundamentals/code-analysis/quality-rules/ca2016) [D:\Doan2\panthora_be\src\Application\Application.csproj]
D:\Doan2\panthora_be\src\Application\Features\BookingManagement\Supplier\SupplierCommands.cs(54,30): error CA2016: Forward the 'cancellationToken' parameter to the 'GetByCodeAsync' method or pass in 'CancellationToken.None' explicitly to indicate intentionally not propagating the token (https://learn.microsoft.com/dotnet/fundamentals/code-analysis/quality-rules/ca2016) [D:\Doan2\panthora_be\src\Application\Application.csproj]
D:\Doan2\panthora_be\src\Application\Features\BookingManagement\Supplier\SupplierCommands.cs(73,15): error CA2016: Forward the 'cancellationToken' parameter to the 'AddAsync' method or pass in 'CancellationToken.None' explicitly to indicate intentionally not propagating the token (https://learn.microsoft.com/dotnet/fundamentals/code-analysis/quality-rules/ca2016) [D:\Doan2\panthora_be\src\Application\Application.csproj]
D:\Doan2\panthora_be\src\Application\Features\TourRequest\Queries\GetAllTourRequestsQuery.cs(67,30): error CA2016: Forward the 'cancellationToken' parameter to the 'GetAllAsync' method or pass in 'CancellationToken.None' explicitly to indicate intentionally not propagating the token (https://learn.microsoft.com/dotnet/fundamentals/code-analysis/quality-rules/ca2016) [D:\Doan2\panthora_be\src\Application\Application.csproj]
D:\Doan2\panthora_be\src\Application\Features\Admin\Queries\GetAllUsers\GetAllUsersQueryHandler.cs(25,36): error CA2016: Forward the 'cancellationToken' parameter to the 'FindByNameAsync' method or pass in 'CancellationToken.None' explicitly to indicate intentionally not propagating the token (https://learn.microsoft.com/dotnet/fundamentals/code-analysis/quality-rules/ca2016) [D:\Doan2\panthora_be\src\Application\Application.csproj]
D:\Doan2\panthora_be\src\Application\Features\TourTransportAssignment\Validators\RouteTransportAssignmentRequestDtoValidator.cs(48,29): error CA2016: Forward the 'ct' parameter to the 'GetByIdAsync' method or pass in 'CancellationToken.None' explicitly to indicate intentionally not propagating the token (https://learn.microsoft.com/dotnet/fundamentals/code-analysis/quality-rules/ca2016) [D:\Doan2\panthora_be\src\Application\Application.csproj]
D:\Doan2\panthora_be\src\Application\Features\Admin\Queries\GetAllUsers\GetAllUsersQueryHandler.cs(34,27): error CA2016: Forward the 'cancellationToken' parameter to the 'FindAll' method or pass in 'CancellationToken.None' explicitly to indicate intentionally not propagating the token (https://learn.microsoft.com/dotnet/fundamentals/code-analysis/quality-rules/ca2016) [D:\Doan2\panthora_be\src\Application\Application.csproj]
D:\Doan2\panthora_be\src\Application\Features\Admin\Queries\GetAllUsers\GetAllUsersQueryHandler.cs(41,27): error CA2016: Forward the 'cancellationToken' parameter to the 'CountAll' method or pass in 'CancellationToken.None' explicitly to indicate intentionally not propagating the token (https://learn.microsoft.com/dotnet/fundamentals/code-analysis/quality-rules/ca2016) [D:\Doan2\panthora_be\src\Application\Application.csproj]
D:\Doan2\panthora_be\src\Application\Features\Admin\Queries\GetAllUsers\GetAllUsersQueryHandler.cs(47,36): error CA2016: Forward the 'cancellationToken' parameter to the 'FindByUserIds' method or pass in 'CancellationToken.None' explicitly to indicate intentionally not propagating the token (https://learn.microsoft.com/dotnet/fundamentals/code-analysis/quality-rules/ca2016) [D:\Doan2\panthora_be\src\Application\Application.csproj]
D:\Doan2\panthora_be\src\Application\Features\TourRequest\Queries\GetAllTourRequestsQuery.cs(76,27): error CA2016: Forward the 'cancellationToken' parameter to the 'CountAllAsync' method or pass in 'CancellationToken.None' explicitly to indicate intentionally not propagating the token (https://learn.microsoft.com/dotnet/fundamentals/code-analysis/quality-rules/ca2016) [D:\Doan2\panthora_be\src\Application\Application.csproj]
D:\Doan2\panthora_be\src\Application\Features\TourTransportAssignment\Validators\RouteTransportAssignmentRequestDtoValidator.cs(63,29): error CA2016: Forward the 'ct' parameter to the 'GetByIdAsync' method or pass in 'CancellationToken.None' explicitly to indicate intentionally not propagating the token (https://learn.microsoft.com/dotnet/fundamentals/code-analysis/quality-rules/ca2016) [D:\Doan2\panthora_be\src\Application\Application.csproj]
D:\Doan2\panthora_be\src\Application\Features\RoomBlocking\Queries\GetHotelRoomAvailability\GetHotelRoomAvailabilityQueryHandler.cs(19,38): error CA2016: Forward the 'cancellationToken' parameter to the 'GetByHotelAsync' method or pass in 'CancellationToken.None' explicitly to indicate intentionally not propagating the token (https://learn.microsoft.com/dotnet/fundamentals/code-analysis/quality-rules/ca2016) [D:\Doan2\panthora_be\src\Application\Application.csproj]
D:\Doan2\panthora_be\src\Application\Features\RoomBlocking\Queries\GetHotelRoomAvailability\GetHotelRoomAvailabilityQueryHandler.cs(32,42): error CA2016: Forward the 'cancellationToken' parameter to the 'GetBlockedRoomCountAsync' method or pass in 'CancellationToken.None' explicitly to indicate intentionally not propagating the token (https://learn.microsoft.com/dotnet/fundamentals/code-analysis/quality-rules/ca2016) [D:\Doan2\panthora_be\src\Application\Application.csproj]
D:\Doan2\panthora_be\src\Application\Features\RoomBlocking\Queries\GetRoomBlocks\GetRoomBlocksQueryHandler.cs(43,30): error CA2016: Forward the 'cancellationToken' parameter to the 'GetByIdAsync' method or pass in 'CancellationToken.None' explicitly to indicate intentionally not propagating the token (https://learn.microsoft.com/dotnet/fundamentals/code-analysis/quality-rules/ca2016) [D:\Doan2\panthora_be\src\Application\Application.csproj]
D:\Doan2\panthora_be\src\Application\Features\RoomBlocking\Notifications\BookingStatusChangedBlockCleanupHandler.cs(20,29): error CA2016: Forward the 'cancellationToken' parameter to the 'GetByIdWithDetailsAsync' method or pass in 'CancellationToken.None' explicitly to indicate intentionally not propagating the token (https://learn.microsoft.com/dotnet/fundamentals/code-analysis/quality-rules/ca2016) [D:\Doan2\panthora_be\src\Application\Application.csproj]
D:\Doan2\panthora_be\src\Application\Features\RoomBlocking\Notifications\BookingStatusChangedBlockCleanupHandler.cs(28,23): error CA2016: Forward the 'cancellationToken' parameter to the 'DeleteByBookingAccommodationDetailIdAsync' method or pass in 'CancellationToken.None' explicitly to indicate intentionally not propagating the token (https://learn.microsoft.com/dotnet/fundamentals/code-analysis/quality-rules/ca2016) [D:\Doan2\panthora_be\src\Application\Application.csproj]
D:\Doan2\panthora_be\src\Application\Features\TourTransportAssignment\Queries\GetBookingTransportInfoQueryHandler.cs(19,29): error CA2016: Forward the 'cancellationToken' parameter to the 'GetByIdAsync' method or pass in 'CancellationToken.None' explicitly to indicate intentionally not propagating the token (https://learn.microsoft.com/dotnet/fundamentals/code-analysis/quality-rules/ca2016) [D:\Doan2\panthora_be\src\Application\Application.csproj]
D:\Doan2\panthora_be\src\Application\Features\TourTransportAssignment\Queries\GetBookingTransportInfoQueryHandler.cs(25,34): error CA2016: Forward the 'cancellationToken' parameter to the 'GetByBookingIdAndUserIdAsync' method or pass in 'CancellationToken.None' explicitly to indicate intentionally not propagating the token (https://learn.microsoft.com/dotnet/fundamentals/code-analysis/quality-rules/ca2016) [D:\Doan2\panthora_be\src\Application\Application.csproj]
D:\Doan2\panthora_be\src\Application\Features\RoomBlocking\Commands\DeleteRoomBlock\DeleteRoomBlockCommandHandler.cs(19,28): error CA2016: Forward the 'cancellationToken' parameter to the 'FindByIdAsync' method or pass in 'CancellationToken.None' explicitly to indicate intentionally not propagating the token (https://learn.microsoft.com/dotnet/fundamentals/code-analysis/quality-rules/ca2016) [D:\Doan2\panthora_be\src\Application\Application.csproj]
D:\Doan2\panthora_be\src\Application\Features\TourTransportAssignment\Commands\AssignRouteTransportCommandHandler.cs(23,29): error CA2016: Forward the 'cancellationToken' parameter to the 'GetByIdAsync' method or pass in 'CancellationToken.None' explicitly to indicate intentionally not propagating the token (https://learn.microsoft.com/dotnet/fundamentals/code-analysis/quality-rules/ca2016) [D:\Doan2\panthora_be\src\Application\Application.csproj]
D:\Doan2\panthora_be\src\Application\Features\RoomBlocking\Commands\UpdateRoomBlock\UpdateRoomBlockCommandHandler.cs(27,28): error CA2016: Forward the 'cancellationToken' parameter to the 'FindByIdAsync' method or pass in 'CancellationToken.None' explicitly to indicate intentionally not propagating the token (https://learn.microsoft.com/dotnet/fundamentals/code-analysis/quality-rules/ca2016) [D:\Doan2\panthora_be\src\Application\Application.csproj]
D:\Doan2\panthora_be\src\Application\Features\RoomBlocking\Commands\UpdateRoomBlock\UpdateRoomBlockCommandHandler.cs(33,31): error CA2016: Forward the 'cancellationToken' parameter to the 'FindByHotelAndRoomTypeAsync' method or pass in 'CancellationToken.None' explicitly to indicate intentionally not propagating the token (https://learn.microsoft.com/dotnet/fundamentals/code-analysis/quality-rules/ca2016) [D:\Doan2\panthora_be\src\Application\Application.csproj]
D:\Doan2\panthora_be\src\Application\Features\RoomBlocking\Commands\UpdateRoomBlock\UpdateRoomBlockCommandHandler.cs(36,38): error CA2016: Forward the 'cancellationToken' parameter to the 'GetBlockedRoomCountAsync' method or pass in 'CancellationToken.None' explicitly to indicate intentionally not propagating the token (https://learn.microsoft.com/dotnet/fundamentals/code-analysis/quality-rules/ca2016) [D:\Doan2\panthora_be\src\Application\Application.csproj]
D:\Doan2\panthora_be\src\Application\Features\RoomBlocking\Commands\UpdateRoomBlock\UpdateRoomBlockCommandHandler.cs(52,30): error CA2016: Forward the 'cancellationToken' parameter to the 'GetByIdAsync' method or pass in 'CancellationToken.None' explicitly to indicate intentionally not propagating the token (https://learn.microsoft.com/dotnet/fundamentals/code-analysis/quality-rules/ca2016) [D:\Doan2\panthora_be\src\Application\Application.csproj]
D:\Doan2\panthora_be\src\Application\Features\TourRequest\Commands\ReviewTourRequestCommand.cs(66,35): error CA2016: Forward the 'cancellationToken' parameter to the 'GetByIdAsync' method or pass in 'CancellationToken.None' explicitly to indicate intentionally not propagating the token (https://learn.microsoft.com/dotnet/fundamentals/code-analysis/quality-rules/ca2016) [D:\Doan2\panthora_be\src\Application\Application.csproj]
D:\Doan2\panthora_be\src\Application\Features\RoomBlocking\Commands\CreateRoomBlock\CreateRoomBlockCommandHandler.cs(29,30): error CA2016: Forward the 'cancellationToken' parameter to the 'GetByIdAsync' method or pass in 'CancellationToken.None' explicitly to indicate intentionally not propagating the token (https://learn.microsoft.com/dotnet/fundamentals/code-analysis/quality-rules/ca2016) [D:\Doan2\panthora_be\src\Application\Application.csproj]
D:\Doan2\panthora_be\src\Application\Features\RoomBlocking\Commands\CreateRoomBlock\CreateRoomBlockCommandHandler.cs(40,31): error CA2016: Forward the 'cancellationToken' parameter to the 'FindByHotelAndRoomTypeAsync' method or pass in 'CancellationToken.None' explicitly to indicate intentionally not propagating the token (https://learn.microsoft.com/dotnet/fundamentals/code-analysis/quality-rules/ca2016) [D:\Doan2\panthora_be\src\Application\Application.csproj]
D:\Doan2\panthora_be\src\Application\Features\RoomBlocking\Commands\CreateRoomBlock\CreateRoomBlockCommandHandler.cs(43,38): error CA2016: Forward the 'cancellationToken' parameter to the 'GetBlockedRoomCountAsync' method or pass in 'CancellationToken.None' explicitly to indicate intentionally not propagating the token (https://learn.microsoft.com/dotnet/fundamentals/code-analysis/quality-rules/ca2016) [D:\Doan2\panthora_be\src\Application\Application.csproj]
D:\Doan2\panthora_be\src\Application\Features\Insurance\Queries\InsuranceQueries.cs(46,28): error CA2016: Forward the 'cancellationToken' parameter to the 'GetByIdAsync' method or pass in 'CancellationToken.None' explicitly to indicate intentionally not propagating the token (https://learn.microsoft.com/dotnet/fundamentals/code-analysis/quality-rules/ca2016) [D:\Doan2\panthora_be\src\Application\Application.csproj]
D:\Doan2\panthora_be\src\Application\Features\Insurance\Commands\InsuranceCommands.cs(137,28): error CA2016: Forward the 'cancellationToken' parameter to the 'GetByIdAsync' method or pass in 'CancellationToken.None' explicitly to indicate intentionally not propagating the token (https://learn.microsoft.com/dotnet/fundamentals/code-analysis/quality-rules/ca2016) [D:\Doan2\panthora_be\src\Application\Application.csproj]
D:\Doan2\panthora_be\src\Application\Features\Insurance\Commands\InsuranceCommands.cs(143,15): error CA2016: Forward the 'cancellationToken' parameter to the 'SaveChangeAsync' method or pass in 'CancellationToken.None' explicitly to indicate intentionally not propagating the token (https://learn.microsoft.com/dotnet/fundamentals/code-analysis/quality-rules/ca2016) [D:\Doan2\panthora_be\src\Application\Application.csproj]
D:\Doan2\panthora_be\src\Application\Features\Identity\Queries\GetUserSettingsQuery.cs(43,31): error CA2016: Forward the 'cancellationToken' parameter to the 'GetListAsync' method or pass in 'CancellationToken.None' explicitly to indicate intentionally not propagating the token (https://learn.microsoft.com/dotnet/fundamentals/code-analysis/quality-rules/ca2016) [D:\Doan2\panthora_be\src\Application\Application.csproj]
D:\Doan2\panthora_be\src\Application\Features\Identity\Queries\GetUserSettingsQuery.cs(59,31): error CA2016: Forward the 'cancellationToken' parameter to the 'GetListAsync' method or pass in 'CancellationToken.None' explicitly to indicate intentionally not propagating the token (https://learn.microsoft.com/dotnet/fundamentals/code-analysis/quality-rules/ca2016) [D:\Doan2\panthora_be\src\Application\Application.csproj]
D:\Doan2\panthora_be\src\Application\Features\Insurance\Commands\InsuranceCommands.cs(97,28): error CA2016: Forward the 'cancellationToken' parameter to the 'GetByIdAsync' method or pass in 'CancellationToken.None' explicitly to indicate intentionally not propagating the token (https://learn.microsoft.com/dotnet/fundamentals/code-analysis/quality-rules/ca2016) [D:\Doan2\panthora_be\src\Application\Application.csproj]
D:\Doan2\panthora_be\src\Application\Features\Insurance\Commands\InsuranceCommands.cs(114,15): error CA2016: Forward the 'cancellationToken' parameter to the 'SaveChangeAsync' method or pass in 'CancellationToken.None' explicitly to indicate intentionally not propagating the token (https://learn.microsoft.com/dotnet/fundamentals/code-analysis/quality-rules/ca2016) [D:\Doan2\panthora_be\src\Application\Application.csproj]
D:\Doan2\panthora_be\src\Application\Features\HotelServiceProvider\Supplier\SupplierCommands.cs(41,30): error CA2016: Forward the 'cancellationToken' parameter to the 'FindByOwnerUserIdAsync' method or pass in 'CancellationToken.None' explicitly to indicate intentionally not propagating the token (https://learn.microsoft.com/dotnet/fundamentals/code-analysis/quality-rules/ca2016) [D:\Doan2\panthora_be\src\Application\Application.csproj]
D:\Doan2\panthora_be\src\Application\Features\Insurance\Commands\InsuranceCommands.cs(58,15): error CA2016: Forward the 'cancellationToken' parameter to the 'AddAsync' method or pass in 'CancellationToken.None' explicitly to indicate intentionally not propagating the token (https://learn.microsoft.com/dotnet/fundamentals/code-analysis/quality-rules/ca2016) [D:\Doan2\panthora_be\src\Application\Application.csproj]
D:\Doan2\panthora_be\src\Application\Features\Insurance\Commands\InsuranceCommands.cs(59,15): error CA2016: Forward the 'cancellationToken' parameter to the 'SaveChangeAsync' method or pass in 'CancellationToken.None' explicitly to indicate intentionally not propagating the token (https://learn.microsoft.com/dotnet/fundamentals/code-analysis/quality-rules/ca2016) [D:\Doan2\panthora_be\src\Application\Application.csproj]
D:\Doan2\panthora_be\src\Application\Features\TourRequest\Commands\CreateTourRequestCommand.cs(102,32): error CA2016: Forward the 'cancellationToken' parameter to the 'FindById' method or pass in 'CancellationToken.None' explicitly to indicate intentionally not propagating the token (https://learn.microsoft.com/dotnet/fundamentals/code-analysis/quality-rules/ca2016) [D:\Doan2\panthora_be\src\Application\Application.csproj]
D:\Doan2\panthora_be\src\Application\Features\TourRequest\Commands\CreateTourRequestCommand.cs(124,15): error CA2016: Forward the 'cancellationToken' parameter to the 'AddAsync' method or pass in 'CancellationToken.None' explicitly to indicate intentionally not propagating the token (https://learn.microsoft.com/dotnet/fundamentals/code-analysis/quality-rules/ca2016) [D:\Doan2\panthora_be\src\Application\Application.csproj]
D:\Doan2\panthora_be\src\Application\Features\HotelServiceProvider\Accommodations\Queries\GetAccommodationsQueryHandler.cs(26,30): error CA2016: Forward the 'cancellationToken' parameter to the 'FindByOwnerUserIdAsync' method or pass in 'CancellationToken.None' explicitly to indicate intentionally not propagating the token (https://learn.microsoft.com/dotnet/fundamentals/code-analysis/quality-rules/ca2016) [D:\Doan2\panthora_be\src\Application\Application.csproj]
D:\Doan2\panthora_be\src\Application\Features\HotelServiceProvider\Accommodations\Queries\GetAccommodationsQueryHandler.cs(31,30): error CA2016: Forward the 'cancellationToken' parameter to the 'GetByHotelAsync' method or pass in 'CancellationToken.None' explicitly to indicate intentionally not propagating the token (https://learn.microsoft.com/dotnet/fundamentals/code-analysis/quality-rules/ca2016) [D:\Doan2\panthora_be\src\Application\Application.csproj]
D:\Doan2\panthora_be\src\Application\Features\HotelRoomInventory\Queries\GetHotelRoomInventory\GetHotelRoomInventoryQueryHandler.cs(20,30): error CA2016: Forward the 'cancellationToken' parameter to the 'GetByIdAsync' method or pass in 'CancellationToken.None' explicitly to indicate intentionally not propagating the token (https://learn.microsoft.com/dotnet/fundamentals/code-analysis/quality-rules/ca2016) [D:\Doan2\panthora_be\src\Application\Application.csproj]
D:\Doan2\panthora_be\src\Application\Features\HotelRoomInventory\Queries\GetHotelRoomInventory\GetHotelRoomInventoryQueryHandler.cs(26,30): error CA2016: Forward the 'cancellationToken' parameter to the 'GetByHotelAsync' method or pass in 'CancellationToken.None' explicitly to indicate intentionally not propagating the token (https://learn.microsoft.com/dotnet/fundamentals/code-analysis/quality-rules/ca2016) [D:\Doan2\panthora_be\src\Application\Application.csproj]
D:\Doan2\panthora_be\src\Application\Features\Identity\Commands\UpdateUserSettingsCommand.cs(61,31): error CA2016: Forward the 'cancellationToken' parameter to the 'GetListAsync' method or pass in 'CancellationToken.None' explicitly to indicate intentionally not propagating the token (https://learn.microsoft.com/dotnet/fundamentals/code-analysis/quality-rules/ca2016) [D:\Doan2\panthora_be\src\Application\Application.csproj]
D:\Doan2\panthora_be\src\Application\Features\HotelServiceProvider\Accommodations\Queries\GetAccommodationByIdQueryHandler.cs(26,30): error CA2016: Forward the 'cancellationToken' parameter to the 'FindByOwnerUserIdAsync' method or pass in 'CancellationToken.None' explicitly to indicate intentionally not propagating the token (https://learn.microsoft.com/dotnet/fundamentals/code-analysis/quality-rules/ca2016) [D:\Doan2\panthora_be\src\Application\Application.csproj]
D:\Doan2\panthora_be\src\Application\Features\HotelServiceProvider\Accommodations\Queries\GetAccommodationByIdQueryHandler.cs(30,28): error CA2016: Forward the 'cancellationToken' parameter to the 'FindByIdAsync' method or pass in 'CancellationToken.None' explicitly to indicate intentionally not propagating the token (https://learn.microsoft.com/dotnet/fundamentals/code-analysis/quality-rules/ca2016) [D:\Doan2\panthora_be\src\Application\Application.csproj]
D:\Doan2\panthora_be\src\Application\Features\HotelRoomInventory\Commands\UpdateHotelRoomInventory\UpdateHotelRoomInventoryCommandHandler.cs(24,28): error CA2016: Forward the 'cancellationToken' parameter to the 'FindByIdAsync' method or pass in 'CancellationToken.None' explicitly to indicate intentionally not propagating the token (https://learn.microsoft.com/dotnet/fundamentals/code-analysis/quality-rules/ca2016) [D:\Doan2\panthora_be\src\Application\Application.csproj]
D:\Doan2\panthora_be\src\Application\Features\HotelRoomInventory\Commands\UpdateHotelRoomInventory\UpdateHotelRoomInventoryCommandHandler.cs(30,30): error CA2016: Forward the 'cancellationToken' parameter to the 'GetByIdAsync' method or pass in 'CancellationToken.None' explicitly to indicate intentionally not propagating the token (https://learn.microsoft.com/dotnet/fundamentals/code-analysis/quality-rules/ca2016) [D:\Doan2\panthora_be\src\Application\Application.csproj]
D:\Doan2\panthora_be\src\Application\Features\HotelRoomInventory\Commands\DeleteHotelRoomInventory\DeleteHotelRoomInventoryCommandHandler.cs(18,28): error CA2016: Forward the 'cancellationToken' parameter to the 'FindByIdAsync' method or pass in 'CancellationToken.None' explicitly to indicate intentionally not propagating the token (https://learn.microsoft.com/dotnet/fundamentals/code-analysis/quality-rules/ca2016) [D:\Doan2\panthora_be\src\Application\Application.csproj]
D:\Doan2\panthora_be\src\Application\Features\GuestArrival\Queries\GetGuestArrival\GetGuestArrivalQueryHandler.cs(16,28): error CA2016: Forward the 'cancellationToken' parameter to the 'GetByIdAsync' method or pass in 'CancellationToken.None' explicitly to indicate intentionally not propagating the token (https://learn.microsoft.com/dotnet/fundamentals/code-analysis/quality-rules/ca2016) [D:\Doan2\panthora_be\src\Application\Application.csproj]
D:\Doan2\panthora_be\src\Application\Features\GuestArrival\Queries\GetGuestArrival\GetGuestArrivalQueryHandler.cs(24,29): error CA2016: Forward the 'cancellationToken' parameter to the 'FindByAccommodationDetailIdAsync' method or pass in 'CancellationToken.None' explicitly to indicate intentionally not propagating the token (https://learn.microsoft.com/dotnet/fundamentals/code-analysis/quality-rules/ca2016) [D:\Doan2\panthora_be\src\Application\Application.csproj]
D:\Doan2\panthora_be\src\Application\Features\TransportProvider\Vehicles\Commands\CreateVehicleCommandHandler.cs(38,15): error CA2016: Forward the 'cancellationToken' parameter to the 'AddAsync' method or pass in 'CancellationToken.None' explicitly to indicate intentionally not propagating the token (https://learn.microsoft.com/dotnet/fundamentals/code-analysis/quality-rules/ca2016) [D:\Doan2\panthora_be\src\Application\Application.csproj]
D:\Doan2\panthora_be\src\Application\Features\GuestArrival\Queries\GetGuestArrivalsByHotel\GetGuestArrivalsByHotelQueryHandler.cs(19,30): error CA2016: Forward the 'cancellationToken' parameter to the 'GetByIdAsync' method or pass in 'CancellationToken.None' explicitly to indicate intentionally not propagating the token (https://learn.microsoft.com/dotnet/fundamentals/code-analysis/quality-rules/ca2016) [D:\Doan2\panthora_be\src\Application\Application.csproj]
D:\Doan2\panthora_be\src\Application\Features\GuestArrival\Queries\GetGuestArrivalsByHotel\GetGuestArrivalsByHotelQueryHandler.cs(25,30): error CA2016: Forward the 'cancellationToken' parameter to the 'GetByHotelAsync' method or pass in 'CancellationToken.None' explicitly to indicate intentionally not propagating the token (https://learn.microsoft.com/dotnet/fundamentals/code-analysis/quality-rules/ca2016) [D:\Doan2\panthora_be\src\Application\Application.csproj]
D:\Doan2\panthora_be\src\Application\Services\TourInstanceService.cs(457,30): error CA2016: Forward the 'cancellationToken' parameter to the 'FindById' method or pass in 'CancellationToken.None' explicitly to indicate intentionally not propagating the token (https://learn.microsoft.com/dotnet/fundamentals/code-analysis/quality-rules/ca2016) [D:\Doan2\panthora_be\src\Application\Application.csproj]
D:\Doan2\panthora_be\src\Application\Services\TourInstanceService.cs(481,15): error CA2016: Forward the 'cancellationToken' parameter to the 'Update' method or pass in 'CancellationToken.None' explicitly to indicate intentionally not propagating the token (https://learn.microsoft.com/dotnet/fundamentals/code-analysis/quality-rules/ca2016) [D:\Doan2\panthora_be\src\Application\Application.csproj]
D:\Doan2\panthora_be\src\Application\Services\TourInstanceService.cs(492,27): error CA2016: Forward the 'cancellationToken' parameter to the 'NotifyTourInstanceStatusChangeAsync' method or pass in 'CancellationToken.None' explicitly to indicate intentionally not propagating the token (https://learn.microsoft.com/dotnet/fundamentals/code-analysis/quality-rules/ca2016) [D:\Doan2\panthora_be\src\Application\Application.csproj]
D:\Doan2\panthora_be\src\Application\Features\HotelServiceProvider\Accommodations\Commands\UpdateAccommodationCommandHandler.cs(27,30): error CA2016: Forward the 'cancellationToken' parameter to the 'FindByOwnerUserIdAsync' method or pass in 'CancellationToken.None' explicitly to indicate intentionally not propagating the token (https://learn.microsoft.com/dotnet/fundamentals/code-analysis/quality-rules/ca2016) [D:\Doan2\panthora_be\src\Application\Application.csproj]
D:\Doan2\panthora_be\src\Application\Features\HotelServiceProvider\Accommodations\Commands\UpdateAccommodationCommandHandler.cs(31,28): error CA2016: Forward the 'cancellationToken' parameter to the 'FindByIdAsync' method or pass in 'CancellationToken.None' explicitly to indicate intentionally not propagating the token (https://learn.microsoft.com/dotnet/fundamentals/code-analysis/quality-rules/ca2016) [D:\Doan2\panthora_be\src\Application\Application.csproj]
D:\Doan2\panthora_be\src\Application\Features\HotelServiceProvider\Accommodations\Commands\DeleteAccommodationCommandHandler.cs(25,30): error CA2016: Forward the 'cancellationToken' parameter to the 'FindByOwnerUserIdAsync' method or pass in 'CancellationToken.None' explicitly to indicate intentionally not propagating the token (https://learn.microsoft.com/dotnet/fundamentals/code-analysis/quality-rules/ca2016) [D:\Doan2\panthora_be\src\Application\Application.csproj]
D:\Doan2\panthora_be\src\Application\Features\HotelServiceProvider\Accommodations\Commands\DeleteAccommodationCommandHandler.cs(29,28): error CA2016: Forward the 'cancellationToken' parameter to the 'FindByIdAsync' method or pass in 'CancellationToken.None' explicitly to indicate intentionally not propagating the token (https://learn.microsoft.com/dotnet/fundamentals/code-analysis/quality-rules/ca2016) [D:\Doan2\panthora_be\src\Application\Application.csproj]
D:\Doan2\panthora_be\src\Application\Features\HotelRoomInventory\Commands\CreateHotelRoomInventory\CreateHotelRoomInventoryCommandHandler.cs(26,30): error CA2016: Forward the 'cancellationToken' parameter to the 'GetByIdAsync' method or pass in 'CancellationToken.None' explicitly to indicate intentionally not propagating the token (https://learn.microsoft.com/dotnet/fundamentals/code-analysis/quality-rules/ca2016) [D:\Doan2\panthora_be\src\Application\Application.csproj]
D:\Doan2\panthora_be\src\Application\Features\HotelRoomInventory\Commands\CreateHotelRoomInventory\CreateHotelRoomInventoryCommandHandler.cs(37,30): error CA2016: Forward the 'cancellationToken' parameter to the 'FindByHotelAndRoomTypeAsync' method or pass in 'CancellationToken.None' explicitly to indicate intentionally not propagating the token (https://learn.microsoft.com/dotnet/fundamentals/code-analysis/quality-rules/ca2016) [D:\Doan2\panthora_be\src\Application\Application.csproj]
D:\Doan2\panthora_be\src\Application\Features\HotelRoomInventory\Commands\CreateHotelRoomInventory\CreateHotelRoomInventoryCommandHandler.cs(49,15): error CA2016: Forward the 'cancellationToken' parameter to the 'AddAsync' method or pass in 'CancellationToken.None' explicitly to indicate intentionally not propagating the token (https://learn.microsoft.com/dotnet/fundamentals/code-analysis/quality-rules/ca2016) [D:\Doan2\panthora_be\src\Application\Application.csproj]
D:\Doan2\panthora_be\src\Application\Features\HotelServiceProvider\Accommodations\Commands\CreateAccommodationCommandHandler.cs(28,30): error CA2016: Forward the 'cancellationToken' parameter to the 'FindByOwnerUserIdAsync' method or pass in 'CancellationToken.None' explicitly to indicate intentionally not propagating the token (https://learn.microsoft.com/dotnet/fundamentals/code-analysis/quality-rules/ca2016) [D:\Doan2\panthora_be\src\Application\Application.csproj]
D:\Doan2\panthora_be\src\Application\Features\GuestArrival\Commands\UpdateGuestArrival\UpdateGuestArrivalCommandHandler.cs(16,29): error CA2016: Forward the 'cancellationToken' parameter to the 'FindByIdAsync' method or pass in 'CancellationToken.None' explicitly to indicate intentionally not propagating the token (https://learn.microsoft.com/dotnet/fundamentals/code-analysis/quality-rules/ca2016) [D:\Doan2\panthora_be\src\Application\Application.csproj]
D:\Doan2\panthora_be\src\Application\Features\HotelServiceProvider\Accommodations\Commands\CreateAccommodationCommandHandler.cs(32,30): error CA2016: Forward the 'cancellationToken' parameter to the 'FindByHotelAndRoomTypeAsync' method or pass in 'CancellationToken.None' explicitly to indicate intentionally not propagating the token (https://learn.microsoft.com/dotnet/fundamentals/code-analysis/quality-rules/ca2016) [D:\Doan2\panthora_be\src\Application\Application.csproj]
D:\Doan2\panthora_be\src\Application\Features\HotelServiceProvider\Accommodations\Commands\CreateAccommodationCommandHandler.cs(50,15): error CA2016: Forward the 'cancellationToken' parameter to the 'AddAsync' method or pass in 'CancellationToken.None' explicitly to indicate intentionally not propagating the token (https://learn.microsoft.com/dotnet/fundamentals/code-analysis/quality-rules/ca2016) [D:\Doan2\panthora_be\src\Application\Application.csproj]
D:\Doan2\panthora_be\src\Application\Contracts\Payment\PaymentTransactionCommands.cs(54,29): error CA2016: Forward the 'cancellationToken' parameter to the 'GetByIdAsync' method or pass in 'CancellationToken.None' explicitly to indicate intentionally not propagating the token (https://learn.microsoft.com/dotnet/fundamentals/code-analysis/quality-rules/ca2016) [D:\Doan2\panthora_be\src\Application\Application.csproj]
D:\Doan2\panthora_be\src\Application\Features\TransportProvider\Company\Queries\GetTransportCompanyQueryHandler.cs(17,26): error CA2016: Forward the 'cancellationToken' parameter to the 'FindById' method or pass in 'CancellationToken.None' explicitly to indicate intentionally not propagating the token (https://learn.microsoft.com/dotnet/fundamentals/code-analysis/quality-rules/ca2016) [D:\Doan2\panthora_be\src\Application\Application.csproj]
D:\Doan2\panthora_be\src\Application\Features\TransportProvider\Company\Commands\UpdateTransportCompanyCommandHandler.cs(19,26): error CA2016: Forward the 'cancellationToken' parameter to the 'FindById' method or pass in 'CancellationToken.None' explicitly to indicate intentionally not propagating the token (https://learn.microsoft.com/dotnet/fundamentals/code-analysis/quality-rules/ca2016) [D:\Doan2\panthora_be\src\Application\Application.csproj]
D:\Doan2\panthora_be\src\Application\Features\BookingManagement\Payable\SupplierPayableCommands.cs(120,28): error CA2016: Forward the 'cancellationToken' parameter to the 'GetByIdAsync' method or pass in 'CancellationToken.None' explicitly to indicate intentionally not propagating the token (https://learn.microsoft.com/dotnet/fundamentals/code-analysis/quality-rules/ca2016) [D:\Doan2\panthora_be\src\Application\Application.csproj]
D:\Doan2\panthora_be\src\Application\Features\BookingManagement\Payable\SupplierPayableCommands.cs(128,29): error CA2016: Forward the 'cancellationToken' parameter to the 'GetByIdAsync' method or pass in 'CancellationToken.None' explicitly to indicate intentionally not propagating the token (https://learn.microsoft.com/dotnet/fundamentals/code-analysis/quality-rules/ca2016) [D:\Doan2\panthora_be\src\Application\Application.csproj]
D:\Doan2\panthora_be\src\Application\Features\GuestArrival\Commands\CreateGuestArrival\CreateGuestArrivalCommandHandler.cs(20,28): error CA2016: Forward the 'cancellationToken' parameter to the 'GetByIdAsync' method or pass in 'CancellationToken.None' explicitly to indicate intentionally not propagating the token (https://learn.microsoft.com/dotnet/fundamentals/code-analysis/quality-rules/ca2016) [D:\Doan2\panthora_be\src\Application\Application.csproj]
D:\Doan2\panthora_be\src\Application\Features\GuestArrival\Commands\CreateGuestArrival\CreateGuestArrivalCommandHandler.cs(29,30): error CA2016: Forward the 'cancellationToken' parameter to the 'FindByAccommodationDetailIdAsync' method or pass in 'CancellationToken.None' explicitly to indicate intentionally not propagating the token (https://learn.microsoft.com/dotnet/fundamentals/code-analysis/quality-rules/ca2016) [D:\Doan2\panthora_be\src\Application\Application.csproj]
D:\Doan2\panthora_be\src\Application\Features\GuestArrival\Commands\CreateGuestArrival\CreateGuestArrivalCommandHandler.cs(40,15): error CA2016: Forward the 'cancellationToken' parameter to the 'AddAsync' method or pass in 'CancellationToken.None' explicitly to indicate intentionally not propagating the token (https://learn.microsoft.com/dotnet/fundamentals/code-analysis/quality-rules/ca2016) [D:\Doan2\panthora_be\src\Application\Application.csproj]
D:\Doan2\panthora_be\src\Application\Features\GuestArrival\Commands\CreateGuestArrival\CreateGuestArrivalCommandHandler.cs(49,19): error CA2016: Forward the 'cancellationToken' parameter to the 'AddParticipantAsync' method or pass in 'CancellationToken.None' explicitly to indicate intentionally not propagating the token (https://learn.microsoft.com/dotnet/fundamentals/code-analysis/quality-rules/ca2016) [D:\Doan2\panthora_be\src\Application\Application.csproj]
D:\Doan2\panthora_be\src\Application\Services\IdentityService.cs(142,32): error CA2016: Forward the 'cancellationToken' parameter to the 'FindByEmail' method or pass in 'CancellationToken.None' explicitly to indicate intentionally not propagating the token (https://learn.microsoft.com/dotnet/fundamentals/code-analysis/quality-rules/ca2016) [D:\Doan2\panthora_be\src\Application\Application.csproj]
D:\Doan2\panthora_be\src\Application\Services\IdentityService.cs(165,33): error CA2016: Forward the 'cancellationToken' parameter to the 'GenerateToken' method or pass in 'CancellationToken.None' explicitly to indicate intentionally not propagating the token (https://learn.microsoft.com/dotnet/fundamentals/code-analysis/quality-rules/ca2016) [D:\Doan2\panthora_be\src\Application\Application.csproj]
D:\Doan2\panthora_be\src\Application\Services\IdentityService.cs(186,32): error CA2016: Forward the 'cancellationToken' parameter to the 'FindByEmail' method or pass in 'CancellationToken.None' explicitly to indicate intentionally not propagating the token (https://learn.microsoft.com/dotnet/fundamentals/code-analysis/quality-rules/ca2016) [D:\Doan2\panthora_be\src\Application\Application.csproj]
D:\Doan2\panthora_be\src\Application\Features\Public\Commands\CreatePublicBookingCommand.cs(74,34): error CA2016: Forward the 'cancellationToken' parameter to the 'FindById' method or pass in 'CancellationToken.None' explicitly to indicate intentionally not propagating the token (https://learn.microsoft.com/dotnet/fundamentals/code-analysis/quality-rules/ca2016) [D:\Doan2\panthora_be\src\Application\Application.csproj]
D:\Doan2\panthora_be\src\Application\Features\Public\Commands\CreatePublicBookingCommand.cs(90,37): error CA2016: Forward the 'cancellationToken' parameter to the 'CountByTourInstanceIdAsync' method or pass in 'CancellationToken.None' explicitly to indicate intentionally not propagating the token (https://learn.microsoft.com/dotnet/fundamentals/code-analysis/quality-rules/ca2016) [D:\Doan2\panthora_be\src\Application\Application.csproj]
D:\Doan2\panthora_be\src\Application\Features\Public\Commands\CreatePublicBookingCommand.cs(101,32): error CA2016: Forward the 'cancellationToken' parameter to the 'GetListAsync' method or pass in 'CancellationToken.None' explicitly to indicate intentionally not propagating the token (https://learn.microsoft.com/dotnet/fundamentals/code-analysis/quality-rules/ca2016) [D:\Doan2\panthora_be\src\Application\Application.csproj]
D:\Doan2\panthora_be\src\Application\Features\Public\Commands\CreatePublicBookingCommand.cs(104,35): error CA2016: Forward the 'cancellationToken' parameter to the 'GetActivePolicyByTourType' method or pass in 'CancellationToken.None' explicitly to indicate intentionally not propagating the token (https://learn.microsoft.com/dotnet/fundamentals/code-analysis/quality-rules/ca2016) [D:\Doan2\panthora_be\src\Application\Application.csproj]
D:\Doan2\panthora_be\src\Application\Features\Public\Commands\CreatePublicBookingCommand.cs(105,22): error CA2016: Forward the 'cancellationToken' parameter to the 'GetDefaultPolicy' method or pass in 'CancellationToken.None' explicitly to indicate intentionally not propagating the token (https://learn.microsoft.com/dotnet/fundamentals/code-analysis/quality-rules/ca2016) [D:\Doan2\panthora_be\src\Application\Application.csproj]
D:\Doan2\panthora_be\src\Application\Features\Public\Commands\CreatePublicBookingCommand.cs(136,15): error CA2016: Forward the 'cancellationToken' parameter to the 'AddAsync' method or pass in 'CancellationToken.None' explicitly to indicate intentionally not propagating the token (https://learn.microsoft.com/dotnet/fundamentals/code-analysis/quality-rules/ca2016) [D:\Doan2\panthora_be\src\Application\Application.csproj]
D:\Doan2\panthora_be\src\Application\Services\OwnershipValidator.cs(32,33): error CA2016: Forward the 'cancellationToken' parameter to the 'FindByUserId' method or pass in 'CancellationToken.None' explicitly to indicate intentionally not propagating the token (https://learn.microsoft.com/dotnet/fundamentals/code-analysis/quality-rules/ca2016) [D:\Doan2\panthora_be\src\Application\Application.csproj]

Build FAILED.
    0 Warning(s)
    227 Error(s)

Time Elapsed 00:00:20.85
