  Determining projects to restore...
  All projects are up-to-date for restore.
  Common -> D:\Doan2\panthora_be\Share\Common\bin\Debug\net10.0\Common.dll
  Contracts -> D:\Doan2\panthora_be\Share\Contracts\bin\Debug\net10.0\Contracts.dll
  EventSourcing -> D:\Doan2\panthora_be\Share\EventSourcing\bin\Debug\net10.0\EventSourcing.dll
  BuildingBlocks -> D:\Doan2\panthora_be\Share\BuildingBlocks\bin\Debug\net10.0\BuildingBlocks.dll
  Domain -> D:\Doan2\panthora_be\src\Domain\bin\Debug\net10.0\Domain.dll
  Application -> D:\Doan2\panthora_be\src\Application\bin\Debug\net10.0\Application.dll
  Infrastructure -> D:\Doan2\panthora_be\src\Infrastructure\bin\Debug\net10.0\Infrastructure.dll
  Api -> D:\Doan2\panthora_be\src\Api\bin\Debug\net10.0\Api.dll
D:\Doan2\panthora_be\tests\Domain.Specs\Application\Features\TourInstance\Commands\AssignVehicleToRouteCommandHandlerTests.cs(41,61): error CS0117: 'SupplierEntity' does not contain a definition for 'OwnerId' [D:\Doan2\panthora_be\tests\Domain.Specs\Domain.Specs.csproj]
D:\Doan2\panthora_be\tests\Domain.Specs\Application\Services\TourInstanceServiceProviderApproveTests.cs(47,61): error CS0117: 'SupplierEntity' does not contain a definition for 'OwnerId' [D:\Doan2\panthora_be\tests\Domain.Specs\Domain.Specs.csproj]
D:\Doan2\panthora_be\tests\Domain.Specs\Application\Services\TourInstanceServiceProviderApproveTests.cs(81,9): error CS4014: Because this call is not awaited, execution of the current method continues before the call is completed. Consider applying the 'await' operator to the result of the call. [D:\Doan2\panthora_be\tests\Domain.Specs\Domain.Specs.csproj]
D:\Doan2\panthora_be\tests\Domain.Specs\Application\Services\TourInstanceServiceProviderApproveTests.cs(103,9): error CS4014: Because this call is not awaited, execution of the current method continues before the call is completed. Consider applying the 'await' operator to the result of the call. [D:\Doan2\panthora_be\tests\Domain.Specs\Domain.Specs.csproj]
D:\Doan2\panthora_be\tests\Domain.Specs\Application\Services\TourInstanceServiceProviderApproveTests.cs(119,9): error CS4014: Because this call is not awaited, execution of the current method continues before the call is completed. Consider applying the 'await' operator to the result of the call. [D:\Doan2\panthora_be\tests\Domain.Specs\Domain.Specs.csproj]
D:\Doan2\panthora_be\tests\Domain.Specs\Application\Services\TourInstanceServiceProviderApproveTests.cs(134,9): error CS4014: Because this call is not awaited, execution of the current method continues before the call is completed. Consider applying the 'await' operator to the result of the call. [D:\Doan2\panthora_be\tests\Domain.Specs\Domain.Specs.csproj]

Build FAILED.

D:\Doan2\panthora_be\tests\Domain.Specs\Application\Features\TourInstance\Commands\AssignVehicleToRouteCommandHandlerTests.cs(41,61): error CS0117: 'SupplierEntity' does not contain a definition for 'OwnerId' [D:\Doan2\panthora_be\tests\Domain.Specs\Domain.Specs.csproj]
D:\Doan2\panthora_be\tests\Domain.Specs\Application\Services\TourInstanceServiceProviderApproveTests.cs(47,61): error CS0117: 'SupplierEntity' does not contain a definition for 'OwnerId' [D:\Doan2\panthora_be\tests\Domain.Specs\Domain.Specs.csproj]
D:\Doan2\panthora_be\tests\Domain.Specs\Application\Services\TourInstanceServiceProviderApproveTests.cs(81,9): error CS4014: Because this call is not awaited, execution of the current method continues before the call is completed. Consider applying the 'await' operator to the result of the call. [D:\Doan2\panthora_be\tests\Domain.Specs\Domain.Specs.csproj]
D:\Doan2\panthora_be\tests\Domain.Specs\Application\Services\TourInstanceServiceProviderApproveTests.cs(103,9): error CS4014: Because this call is not awaited, execution of the current method continues before the call is completed. Consider applying the 'await' operator to the result of the call. [D:\Doan2\panthora_be\tests\Domain.Specs\Domain.Specs.csproj]
D:\Doan2\panthora_be\tests\Domain.Specs\Application\Services\TourInstanceServiceProviderApproveTests.cs(119,9): error CS4014: Because this call is not awaited, execution of the current method continues before the call is completed. Consider applying the 'await' operator to the result of the call. [D:\Doan2\panthora_be\tests\Domain.Specs\Domain.Specs.csproj]
D:\Doan2\panthora_be\tests\Domain.Specs\Application\Services\TourInstanceServiceProviderApproveTests.cs(134,9): error CS4014: Because this call is not awaited, execution of the current method continues before the call is completed. Consider applying the 'await' operator to the result of the call. [D:\Doan2\panthora_be\tests\Domain.Specs\Domain.Specs.csproj]
    0 Warning(s)
    6 Error(s)

Time Elapsed 00:00:10.77
